main.c:89:5:main	8	static
main.c:167:6:SystemClock_Config	112	static
main.c:209:13:MX_TIM6_Init	16	static
main.c:247:13:MX_TIM7_Init	16	static
main.c:285:13:MX_USART2_UART_Init	8	static
main.c:320:13:MX_GPIO_Init	56	static
main.c:381:6:HAL_TIM_PeriodElapsedCallback	16	static
main.c:432:6:enableAlarm	8	static
main.c:440:6:disableAlarm	8	static
main.c:447:6:sendAlarm	8	static
main.c:453:6:sendOk	8	static
main.c:458:6:setGreenColor	8	static
main.c:463:6:setBlueColor	8	static
main.c:476:6:Error_Handler	8	static
