Archive member included to satisfy reference by file (symbol)

f:/stm32ide_cube/stm32cubeide_1.6.1/stm32cubeide/plugins/com.st.stm32cube.ide.mcu.externaltools.gnu-tools-for-stm32.9-2020-q2-update.win32_1.5.0.202011040924/tools/bin/../lib/gcc/arm-none-eabi/9.3.1/../../../../arm-none-eabi/lib/thumb/v6-m/nofp\libc_nano.a(lib_a-errno.o)
                              Core/Src/syscalls.o (__errno)
f:/stm32ide_cube/stm32cubeide_1.6.1/stm32cubeide/plugins/com.st.stm32cube.ide.mcu.externaltools.gnu-tools-for-stm32.9-2020-q2-update.win32_1.5.0.202011040924/tools/bin/../lib/gcc/arm-none-eabi/9.3.1/../../../../arm-none-eabi/lib/thumb/v6-m/nofp\libc_nano.a(lib_a-exit.o)
                              f:/stm32ide_cube/stm32cubeide_1.6.1/stm32cubeide/plugins/com.st.stm32cube.ide.mcu.externaltools.gnu-tools-for-stm32.9-2020-q2-update.win32_1.5.0.202011040924/tools/bin/../lib/gcc/arm-none-eabi/9.3.1/../../../../arm-none-eabi/lib/thumb/v6-m/nofp/crt0.o (exit)
f:/stm32ide_cube/stm32cubeide_1.6.1/stm32cubeide/plugins/com.st.stm32cube.ide.mcu.externaltools.gnu-tools-for-stm32.9-2020-q2-update.win32_1.5.0.202011040924/tools/bin/../lib/gcc/arm-none-eabi/9.3.1/../../../../arm-none-eabi/lib/thumb/v6-m/nofp\libc_nano.a(lib_a-impure.o)
                              f:/stm32ide_cube/stm32cubeide_1.6.1/stm32cubeide/plugins/com.st.stm32cube.ide.mcu.externaltools.gnu-tools-for-stm32.9-2020-q2-update.win32_1.5.0.202011040924/tools/bin/../lib/gcc/arm-none-eabi/9.3.1/../../../../arm-none-eabi/lib/thumb/v6-m/nofp\libc_nano.a(lib_a-exit.o) (_global_impure_ptr)
f:/stm32ide_cube/stm32cubeide_1.6.1/stm32cubeide/plugins/com.st.stm32cube.ide.mcu.externaltools.gnu-tools-for-stm32.9-2020-q2-update.win32_1.5.0.202011040924/tools/bin/../lib/gcc/arm-none-eabi/9.3.1/../../../../arm-none-eabi/lib/thumb/v6-m/nofp\libc_nano.a(lib_a-init.o)
                              f:/stm32ide_cube/stm32cubeide_1.6.1/stm32cubeide/plugins/com.st.stm32cube.ide.mcu.externaltools.gnu-tools-for-stm32.9-2020-q2-update.win32_1.5.0.202011040924/tools/bin/../lib/gcc/arm-none-eabi/9.3.1/../../../../arm-none-eabi/lib/thumb/v6-m/nofp/crt0.o (__libc_init_array)
f:/stm32ide_cube/stm32cubeide_1.6.1/stm32cubeide/plugins/com.st.stm32cube.ide.mcu.externaltools.gnu-tools-for-stm32.9-2020-q2-update.win32_1.5.0.202011040924/tools/bin/../lib/gcc/arm-none-eabi/9.3.1/../../../../arm-none-eabi/lib/thumb/v6-m/nofp\libc_nano.a(lib_a-memset.o)
                              f:/stm32ide_cube/stm32cubeide_1.6.1/stm32cubeide/plugins/com.st.stm32cube.ide.mcu.externaltools.gnu-tools-for-stm32.9-2020-q2-update.win32_1.5.0.202011040924/tools/bin/../lib/gcc/arm-none-eabi/9.3.1/../../../../arm-none-eabi/lib/thumb/v6-m/nofp/crt0.o (memset)
f:/stm32ide_cube/stm32cubeide_1.6.1/stm32cubeide/plugins/com.st.stm32cube.ide.mcu.externaltools.gnu-tools-for-stm32.9-2020-q2-update.win32_1.5.0.202011040924/tools/bin/../lib/gcc/arm-none-eabi/9.3.1/../../../../arm-none-eabi/lib/thumb/v6-m/nofp\libc_nano.a(lib_a-strlen.o)
                              Core/Src/main.o (strlen)
f:/stm32ide_cube/stm32cubeide_1.6.1/stm32cubeide/plugins/com.st.stm32cube.ide.mcu.externaltools.gnu-tools-for-stm32.9-2020-q2-update.win32_1.5.0.202011040924/tools/bin/../lib/gcc/arm-none-eabi/9.3.1/thumb/v6-m/nofp\libgcc.a(_udivsi3.o)
                              Core/Src/system_stm32f0xx.o (__aeabi_uidiv)
f:/stm32ide_cube/stm32cubeide_1.6.1/stm32cubeide/plugins/com.st.stm32cube.ide.mcu.externaltools.gnu-tools-for-stm32.9-2020-q2-update.win32_1.5.0.202011040924/tools/bin/../lib/gcc/arm-none-eabi/9.3.1/thumb/v6-m/nofp\libgcc.a(_dvmd_tls.o)
                              f:/stm32ide_cube/stm32cubeide_1.6.1/stm32cubeide/plugins/com.st.stm32cube.ide.mcu.externaltools.gnu-tools-for-stm32.9-2020-q2-update.win32_1.5.0.202011040924/tools/bin/../lib/gcc/arm-none-eabi/9.3.1/thumb/v6-m/nofp\libgcc.a(_udivsi3.o) (__aeabi_idiv0)

Allocating common symbols
Common symbol       size              file

hUsbDeviceFS        0x2c4             USB_DEVICE/App/usb_device.o
uwTick              0x4               Drivers/STM32F0xx_HAL_Driver/Src/stm32f0xx_hal.o
pFlash              0x20              Drivers/STM32F0xx_HAL_Driver/Src/stm32f0xx_hal_flash.o
UserRxBufferFS      0x3e8             USB_DEVICE/App/usbd_cdc_if.o
UserTxBufferFS      0x3e8             USB_DEVICE/App/usbd_cdc_if.o
htim6               0x48              Core/Src/main.o
huart2              0x84              Core/Src/main.o
hpcd_USB_FS         0x2f4             USB_DEVICE/Target/usbd_conf.o
USBD_StrDesc        0x200             USB_DEVICE/App/usbd_desc.o
htim7               0x48              Core/Src/main.o

Discarded input sections

 .text          0x0000000000000000        0x0 f:/stm32ide_cube/stm32cubeide_1.6.1/stm32cubeide/plugins/com.st.stm32cube.ide.mcu.externaltools.gnu-tools-for-stm32.9-2020-q2-update.win32_1.5.0.202011040924/tools/bin/../lib/gcc/arm-none-eabi/9.3.1/thumb/v6-m/nofp/crti.o
[...]
Memory Configuration

Name             Origin             Length             Attributes
RAM              0x0000000020000000 0x0000000000004000 xrw
FLASH            0x0000000008000000 0x0000000000020000 xr
*default*        0x0000000000000000 0xffffffffffffffff

Linker script and memory map

LOAD f:/stm32ide_cube/stm32cubeide_1.6.1/stm32cubeide/plugins/com.st.stm32cube.ide.mcu.externaltools.gnu-tools-for-stm32.9-2020-q2-update.win32_1.5.0.202011040924/tools/bin/../lib/gcc/arm-none-eabi/9.3.1/thumb/v6-m/nofp/crti.o
LOAD f:/stm32ide_cube/stm32cubeide_1.6.1/stm32cubeide/plugins/com.st.stm32cube.ide.mcu.externaltools.gnu-tools-for-stm32.9-2020-q2-update.win32_1.5.0.202011040924/tools/bin/../lib/gcc/arm-none-eabi/9.3.1/thumb/v6-m/nofp/crtbegin.o
LOAD f:/stm32ide_cube/stm32cubeide_1.6.1/stm32cubeide/plugins/com.st.stm32cube.ide.mcu.externaltools.gnu-tools-for-stm32.9-2020-q2-update.win32_1.5.0.202011040924/tools/bin/../lib/gcc/arm-none-eabi/9.3.1/../../../../arm-none-eabi/lib/thumb/v6-m/nofp/crt0.o
LOAD Core/Src/main.o
LOAD Core/Src/stm32f0xx_hal_msp.o
LOAD Core/Src/stm32f0xx_it.o
LOAD Core/Src/syscalls.o
LOAD Core/Src/sysmem.o
LOAD Core/Src/system_stm32f0xx.o
LOAD Core/Startup/startup_stm32f072rbtx.o
LOAD Drivers/STM32F0xx_HAL_Driver/Src/stm32f0xx_hal.o
LOAD Drivers/STM32F0xx_HAL_Driver/Src/stm32f0xx_hal_cortex.o
LOAD Drivers/STM32F0xx_HAL_Driver/Src/stm32f0xx_hal_dma.o
LOAD Drivers/STM32F0xx_HAL_Driver/Src/stm32f0xx_hal_exti.o
LOAD Drivers/STM32F0xx_HAL_Driver/Src/stm32f0xx_hal_flash.o
LOAD Drivers/STM32F0xx_HAL_Driver/Src/stm32f0xx_hal_flash_ex.o
LOAD Drivers/STM32F0xx_HAL_Driver/Src/stm32f0xx_hal_gpio.o
LOAD Drivers/STM32F0xx_HAL_Driver/Src/stm32f0xx_hal_i2c.o
LOAD Drivers/STM32F0xx_HAL_Driver/Src/stm32f0xx_hal_i2c_ex.o
LOAD Drivers/STM32F0xx_HAL_Driver/Src/stm32f0xx_hal_pcd.o
LOAD Drivers/STM32F0xx_HAL_Driver/Src/stm32f0xx_hal_pcd_ex.o
LOAD Drivers/STM32F0xx_HAL_Driver/Src/stm32f0xx_hal_pwr.o
LOAD Drivers/STM32F0xx_HAL_Driver/Src/stm32f0xx_hal_pwr_ex.o
LOAD Drivers/STM32F0xx_HAL_Driver/Src/stm32f0xx_hal_rcc.o
LOAD Drivers/STM32F0xx_HAL_Driver/Src/stm32f0xx_hal_rcc_ex.o
LOAD Drivers/STM32F0xx_HAL_Driver/Src/stm32f0xx_hal_tim.o
LOAD Drivers/STM32F0xx_HAL_Driver/Src/stm32f0xx_hal_tim_ex.o
LOAD Drivers/STM32F0xx_HAL_Driver/Src/stm32f0xx_hal_uart.o
LOAD Drivers/STM32F0xx_HAL_Driver/Src/stm32f0xx_hal_uart_ex.o
LOAD Drivers/STM32F0xx_HAL_Driver/Src/stm32f0xx_ll_usb.o
LOAD Middlewares/ST/STM32_USB_Device_Library/Class/CDC/Src/usbd_cdc.o
LOAD Middlewares/ST/STM32_USB_Device_Library/Core/Src/usbd_core.o
LOAD Middlewares/ST/STM32_USB_Device_Library/Core/Src/usbd_ctlreq.o
LOAD Middlewares/ST/STM32_USB_Device_Library/Core/Src/usbd_ioreq.o
LOAD USB_DEVICE/App/usb_device.o
LOAD USB_DEVICE/App/usbd_cdc_if.o
LOAD USB_DEVICE/App/usbd_desc.o
LOAD USB_DEVICE/Target/usbd_conf.o
START GROUP
LOAD f:/stm32ide_cube/stm32cubeide_1.6.1/stm32cubeide/plugins/com.st.stm32cube.ide.mcu.externaltools.gnu-tools-for-stm32.9-2020-q2-update.win32_1.5.0.202011040924/tools/bin/../lib/gcc/arm-none-eabi/9.3.1/../../../../arm-none-eabi/lib/thumb/v6-m/nofp\libc_nano.a
LOAD f:/stm32ide_cube/stm32cubeide_1.6.1/stm32cubeide/plugins/com.st.stm32cube.ide.mcu.externaltools.gnu-tools-for-stm32.9-2020-q2-update.win32_1.5.0.202011040924/tools/bin/../lib/gcc/arm-none-eabi/9.3.1/../../../../arm-none-eabi/lib/thumb/v6-m/nofp\libm.a
END GROUP
START GROUP
LOAD f:/stm32ide_cube/stm32cubeide_1.6.1/stm32cubeide/plugins/com.st.stm32cube.ide.mcu.externaltools.gnu-tools-for-stm32.9-2020-q2-update.win32_1.5.0.202011040924/tools/bin/../lib/gcc/arm-none-eabi/9.3.1/thumb/v6-m/nofp\libgcc.a
LOAD f:/stm32ide_cube/stm32cubeide_1.6.1/stm32cubeide/plugins/com.st.stm32cube.ide.mcu.externaltools.gnu-tools-for-stm32.9-2020-q2-update.win32_1.5.0.202011040924/tools/bin/../lib/gcc/arm-none-eabi/9.3.1/../../../../arm-none-eabi/lib/thumb/v6-m/nofp\libc_nano.a
END GROUP
START GROUP
LOAD f:/stm32ide_cube/stm32cubeide_1.6.1/stm32cubeide/plugins/com.st.stm32cube.ide.mcu.externaltools.gnu-tools-for-stm32.9-2020-q2-update.win32_1.5.0.202011040924/tools/bin/../lib/gcc/arm-none-eabi/9.3.1/thumb/v6-m/nofp\libgcc.a
LOAD f:/stm32ide_cube/stm32cubeide_1.6.1/stm32cubeide/plugins/com.st.stm32cube.ide.mcu.externaltools.gnu-tools-for-stm32.9-2020-q2-update.win32_1.5.0.202011040924/tools/bin/../lib/gcc/arm-none-eabi/9.3.1/../../../../arm-none-eabi/lib/thumb/v6-m/nofp\libc_nano.a
LOAD f:/stm32ide_cube/stm32cubeide_1.6.1/stm32cubeide/plugins/com.st.stm32cube.ide.mcu.externaltools.gnu-tools-for-stm32.9-2020-q2-update.win32_1.5.0.202011040924/tools/bin/../lib/gcc/arm-none-eabi/9.3.1/../../../../arm-none-eabi/lib/thumb/v6-m/nofp\libnosys.a
END GROUP
START GROUP
LOAD f:/stm32ide_cube/stm32cubeide_1.6.1/stm32cubeide/plugins/com.st.stm32cube.ide.mcu.externaltools.gnu-tools-for-stm32.9-2020-q2-update.win32_1.5.0.202011040924/tools/bin/../lib/gcc/arm-none-eabi/9.3.1/thumb/v6-m/nofp\libgcc.a
LOAD f:/stm32ide_cube/stm32cubeide_1.6.1/stm32cubeide/plugins/com.st.stm32cube.ide.mcu.externaltools.gnu-tools-for-stm32.9-2020-q2-update.win32_1.5.0.202011040924/tools/bin/../lib/gcc/arm-none-eabi/9.3.1/../../../../arm-none-eabi/lib/thumb/v6-m/nofp\libc_nano.a
LOAD f:/stm32ide_cube/stm32cubeide_1.6.1/stm32cubeide/plugins/com.st.stm32cube.ide.mcu.externaltools.gnu-tools-for-stm32.9-2020-q2-update.win32_1.5.0.202011040924/tools/bin/../lib/gcc/arm-none-eabi/9.3.1/../../../../arm-none-eabi/lib/thumb/v6-m/nofp\libnosys.a
END GROUP
LOAD f:/stm32ide_cube/stm32cubeide_1.6.1/stm32cubeide/plugins/com.st.stm32cube.ide.mcu.externaltools.gnu-tools-for-stm32.9-2020-q2-update.win32_1.5.0.202011040924/tools/bin/../lib/gcc/arm-none-eabi/9.3.1/thumb/v6-m/nofp/crtend.o
LOAD f:/stm32ide_cube/stm32cubeide_1.6.1/stm32cubeide/plugins/com.st.stm32cube.ide.mcu.externaltools.gnu-tools-for-stm32.9-2020-q2-update.win32_1.5.0.202011040924/tools/bin/../lib/gcc/arm-none-eabi/9.3.1/thumb/v6-m/nofp/crtn.o
                0x0000000020004000                _estack = (ORIGIN (RAM) + LENGTH (RAM))
                0x0000000000000200                _Min_Heap_Size = 0x200
                0x0000000000000400                _Min_Stack_Size = 0x400

.isr_vector     0x0000000008000000       0xc0
                0x0000000008000000                . = ALIGN (0x4)
 *(.isr_vector)
 .isr_vector    0x0000000008000000       0xc0 Core/Startup/startup_stm32f072rbtx.o
                0x0000000008000000                g_pfnVectors
                0x00000000080000c0                . = ALIGN (0x4)

.text           0x00000000080000c0     0x7824
                0x00000000080000c0                . = ALIGN (0x4)
 *(.text)
 .text          0x00000000080000c0       0x48 f:/stm32ide_cube/stm32cubeide_1.6.1/stm32cubeide/plugins/com.st.stm32cube.ide.mcu.externaltools.gnu-tools-for-stm32.9-2020-q2-update.win32_1.5.0.202011040924/tools/bin/../lib/gcc/arm-none-eabi/9.3.1/thumb/v6-m/nofp/crtbegin.o
 .text          0x0000000008000108        0xe f:/stm32ide_cube/stm32cubeide_1.6.1/stm32cubeide/plugins/com.st.stm32cube.ide.mcu.externaltools.gnu-tools-for-stm32.9-2020-q2-update.win32_1.5.0.202011040924/tools/bin/../lib/gcc/arm-none-eabi/9.3.1/../../../../arm-none-eabi/lib/thumb/v6-m/nofp\libc_nano.a(lib_a-strlen.o)
                0x0000000008000108                strlen
 *fill*         0x0000000008000116        0x2 
 .text          0x0000000008000118      0x114 f:/stm32ide_cube/stm32cubeide_1.6.1/stm32cubeide/plugins/com.st.stm32cube.ide.mcu.externaltools.gnu-tools-for-stm32.9-2020-q2-update.win32_1.5.0.202011040924/tools/bin/../lib/gcc/arm-none-eabi/9.3.1/thumb/v6-m/nofp\libgcc.a(_udivsi3.o)
                0x0000000008000118                __aeabi_uidiv
                0x0000000008000118                __udivsi3
                0x0000000008000224                __aeabi_uidivmod
 .text          0x000000000800022c        0x4 f:/stm32ide_cube/stm32cubeide_1.6.1/stm32cubeide/plugins/com.st.stm32cube.ide.mcu.externaltools.gnu-tools-for-stm32.9-2020-q2-update.win32_1.5.0.202011040924/tools/bin/../lib/gcc/arm-none-eabi/9.3.1/thumb/v6-m/nofp\libgcc.a(_dvmd_tls.o)
                0x000000000800022c                __aeabi_idiv0
                0x000000000800022c                __aeabi_ldiv0
 *(.text*)
 .text.main     0x0000000008000230       0x68 Core/Src/main.o
                0x0000000008000230                main
 .text.SystemClock_Config
                0x0000000008000298       0xb0 Core/Src/main.o
                0x0000000008000298                SystemClock_Config
 .text.MX_TIM6_Init
                0x0000000008000348       0x78 Core/Src/main.o
 .text.MX_TIM7_Init
                0x00000000080003c0       0x78 Core/Src/main.o
 .text.MX_USART2_UART_Init
                0x0000000008000438       0x60 Core/Src/main.o
 .text.MX_GPIO_Init
                0x0000000008000498      0x158 Core/Src/main.o
 .text.HAL_TIM_PeriodElapsedCallback
                0x00000000080005f0       0x90 Core/Src/main.o
                0x00000000080005f0                HAL_TIM_PeriodElapsedCallback
 .text.enableAlarm
                0x0000000008000680       0x24 Core/Src/main.o
                0x0000000008000680                enableAlarm
 .text.disableAlarm
                0x00000000080006a4       0x28 Core/Src/main.o
                0x00000000080006a4                disableAlarm
 .text.sendAlarm
                0x00000000080006cc       0x28 Core/Src/main.o
                0x00000000080006cc                sendAlarm
 .text.sendOk   0x00000000080006f4       0x28 Core/Src/main.o
                0x00000000080006f4                sendOk
 .text.setGreenColor
                0x000000000800071c       0x20 Core/Src/main.o
                0x000000000800071c                setGreenColor
 .text.setBlueColor
                0x000000000800073c       0x20 Core/Src/main.o
                0x000000000800073c                setBlueColor
 .text.Error_Handler
                0x000000000800075c        0xa Core/Src/main.o
                0x000000000800075c                Error_Handler
 *fill*         0x0000000008000766        0x2 
 .text.HAL_MspInit
                0x0000000008000768       0x48 Core/Src/stm32f0xx_hal_msp.o
                0x0000000008000768                HAL_MspInit
 .text.HAL_TIM_Base_MspInit
                0x00000000080007b0       0x84 Core/Src/stm32f0xx_hal_msp.o
                0x00000000080007b0                HAL_TIM_Base_MspInit
 .text.HAL_UART_MspInit
                0x0000000008000834       0xa8 Core/Src/stm32f0xx_hal_msp.o
                0x0000000008000834                HAL_UART_MspInit
 .text.NMI_Handler
                0x00000000080008dc        0xa Core/Src/stm32f0xx_it.o
                0x00000000080008dc                NMI_Handler
 .text.HardFault_Handler
                0x00000000080008e6        0x6 Core/Src/stm32f0xx_it.o
                0x00000000080008e6                HardFault_Handler
 .text.SVC_Handler
                0x00000000080008ec        0xa Core/Src/stm32f0xx_it.o
                0x00000000080008ec                SVC_Handler
 .text.PendSV_Handler
                0x00000000080008f6        0xa Core/Src/stm32f0xx_it.o
                0x00000000080008f6                PendSV_Handler
 .text.SysTick_Handler
                0x0000000008000900        0xe Core/Src/stm32f0xx_it.o
                0x0000000008000900                SysTick_Handler
 .text.EXTI4_15_IRQHandler
                0x000000000800090e       0x14 Core/Src/stm32f0xx_it.o
                0x000000000800090e                EXTI4_15_IRQHandler
 *fill*         0x0000000008000922        0x2 
 .text.TIM6_DAC_IRQHandler
                0x0000000008000924       0x18 Core/Src/stm32f0xx_it.o
                0x0000000008000924                TIM6_DAC_IRQHandler
 .text.TIM7_IRQHandler
                0x000000000800093c       0x18 Core/Src/stm32f0xx_it.o
                0x000000000800093c                TIM7_IRQHandler
 .text.USART2_IRQHandler
                0x0000000008000954       0x18 Core/Src/stm32f0xx_it.o
                0x0000000008000954                USART2_IRQHandler
 .text.USB_IRQHandler
                0x000000000800096c       0x18 Core/Src/stm32f0xx_it.o
                0x000000000800096c                USB_IRQHandler
 .text.SystemInit
                0x0000000008000984        0xa Core/Src/system_stm32f0xx.o
                0x0000000008000984                SystemInit
 *fill*         0x000000000800098e        0x2 
 .text.Reset_Handler
                0x0000000008000990       0x50 Core/Startup/startup_stm32f072rbtx.o
                0x0000000008000990                Reset_Handler
 .text.Default_Handler
                0x00000000080009e0        0x2 Core/Startup/startup_stm32f072rbtx.o
                0x00000000080009e0                TIM1_CC_IRQHandler
                0x00000000080009e0                TSC_IRQHandler
                0x00000000080009e0                ADC1_COMP_IRQHandler
                0x00000000080009e0                I2C1_IRQHandler
                0x00000000080009e0                RCC_CRS_IRQHandler
                0x00000000080009e0                SPI1_IRQHandler
                0x00000000080009e0                USART3_4_IRQHandler
                0x00000000080009e0                EXTI2_3_IRQHandler
                0x00000000080009e0                I2C2_IRQHandler
                0x00000000080009e0                TIM17_IRQHandler
                0x00000000080009e0                CEC_CAN_IRQHandler
                0x00000000080009e0                RTC_IRQHandler
                0x00000000080009e0                PVD_VDDIO2_IRQHandler
                0x00000000080009e0                DMA1_Channel4_5_6_7_IRQHandler
                0x00000000080009e0                TIM16_IRQHandler
                0x00000000080009e0                TIM3_IRQHandler
                0x00000000080009e0                DMA1_Channel1_IRQHandler
                0x00000000080009e0                Default_Handler
                0x00000000080009e0                TIM14_IRQHandler
                0x00000000080009e0                TIM15_IRQHandler
                0x00000000080009e0                EXTI0_1_IRQHandler
                0x00000000080009e0                SPI2_IRQHandler
                0x00000000080009e0                WWDG_IRQHandler
                0x00000000080009e0                TIM2_IRQHandler
                0x00000000080009e0                DMA1_Channel2_3_IRQHandler
                0x00000000080009e0                FLASH_IRQHandler
                0x00000000080009e0                USART1_IRQHandler
                0x00000000080009e0                TIM1_BRK_UP_TRG_COM_IRQHandler
 *fill*         0x00000000080009e2        0x2 
 .text.HAL_Init
                0x00000000080009e4       0x28 Drivers/STM32F0xx_HAL_Driver/Src/stm32f0xx_hal.o
                0x00000000080009e4                HAL_Init
 .text.HAL_InitTick
                0x0000000008000a0c       0x68 Drivers/STM32F0xx_HAL_Driver/Src/stm32f0xx_hal.o
                0x0000000008000a0c                HAL_InitTick
 .text.HAL_IncTick
                0x0000000008000a74       0x24 Drivers/STM32F0xx_HAL_Driver/Src/stm32f0xx_hal.o
                0x0000000008000a74                HAL_IncTick
 .text.HAL_GetTick
                0x0000000008000a98       0x14 Drivers/STM32F0xx_HAL_Driver/Src/stm32f0xx_hal.o
                0x0000000008000a98                HAL_GetTick
 .text.HAL_Delay
                0x0000000008000aac       0x48 Drivers/STM32F0xx_HAL_Driver/Src/stm32f0xx_hal.o
                0x0000000008000aac                HAL_Delay
 .text.__NVIC_EnableIRQ
                0x0000000008000af4       0x34 Drivers/STM32F0xx_HAL_Driver/Src/stm32f0xx_hal_cortex.o
 .text.__NVIC_SetPriority
                0x0000000008000b28       0xdc Drivers/STM32F0xx_HAL_Driver/Src/stm32f0xx_hal_cortex.o
 .text.SysTick_Config
                0x0000000008000c04       0x48 Drivers/STM32F0xx_HAL_Driver/Src/stm32f0xx_hal_cortex.o
 .text.HAL_NVIC_SetPriority
                0x0000000008000c4c       0x2a Drivers/STM32F0xx_HAL_Driver/Src/stm32f0xx_hal_cortex.o
                0x0000000008000c4c                HAL_NVIC_SetPriority
 .text.HAL_NVIC_EnableIRQ
                0x0000000008000c76       0x20 Drivers/STM32F0xx_HAL_Driver/Src/stm32f0xx_hal_cortex.o
                0x0000000008000c76                HAL_NVIC_EnableIRQ
 .text.HAL_SYSTICK_Config
                0x0000000008000c96       0x1a Drivers/STM32F0xx_HAL_Driver/Src/stm32f0xx_hal_cortex.o
                0x0000000008000c96                HAL_SYSTICK_Config
 .text.HAL_DMA_Abort
                0x0000000008000cb0       0x70 Drivers/STM32F0xx_HAL_Driver/Src/stm32f0xx_hal_dma.o
                0x0000000008000cb0                HAL_DMA_Abort
 .text.HAL_DMA_Abort_IT
                0x0000000008000d20       0x8a Drivers/STM32F0xx_HAL_Driver/Src/stm32f0xx_hal_dma.o
                0x0000000008000d20                HAL_DMA_Abort_IT
 *fill*         0x0000000008000daa        0x2 
 .text.HAL_GPIO_Init
                0x0000000008000dac      0x2f0 Drivers/STM32F0xx_HAL_Driver/Src/stm32f0xx_hal_gpio.o
                0x0000000008000dac                HAL_GPIO_Init
 .text.HAL_GPIO_ReadPin
                0x000000000800109c       0x3a Drivers/STM32F0xx_HAL_Driver/Src/stm32f0xx_hal_gpio.o
                0x000000000800109c                HAL_GPIO_ReadPin
 .text.HAL_GPIO_WritePin
                0x00000000080010d6       0x3a Drivers/STM32F0xx_HAL_Driver/Src/stm32f0xx_hal_gpio.o
                0x00000000080010d6                HAL_GPIO_WritePin
 .text.HAL_GPIO_TogglePin
                0x0000000008001110       0x36 Drivers/STM32F0xx_HAL_Driver/Src/stm32f0xx_hal_gpio.o
                0x0000000008001110                HAL_GPIO_TogglePin
 *fill*         0x0000000008001146        0x2 
 .text.HAL_GPIO_EXTI_IRQHandler
                0x0000000008001148       0x38 Drivers/STM32F0xx_HAL_Driver/Src/stm32f0xx_hal_gpio.o
                0x0000000008001148                HAL_GPIO_EXTI_IRQHandler
 .text.HAL_GPIO_EXTI_Callback
                0x0000000008001180       0x14 Drivers/STM32F0xx_HAL_Driver/Src/stm32f0xx_hal_gpio.o
                0x0000000008001180                HAL_GPIO_EXTI_Callback
 .text.HAL_PCD_IRQHandler
                0x0000000008001194      0x2f8 Drivers/STM32F0xx_HAL_Driver/Src/stm32f0xx_hal_pcd.o
                0x0000000008001194                HAL_PCD_IRQHandler
 .text.HAL_PCD_SetAddress
                0x000000000800148c       0x56 Drivers/STM32F0xx_HAL_Driver/Src/stm32f0xx_hal_pcd.o
                0x000000000800148c                HAL_PCD_SetAddress
 .text.HAL_PCD_EP_Open
                0x00000000080014e2       0xf0 Drivers/STM32F0xx_HAL_Driver/Src/stm32f0xx_hal_pcd.o
                0x00000000080014e2                HAL_PCD_EP_Open
 .text.HAL_PCD_EP_Receive
                0x00000000080015d2       0x88 Drivers/STM32F0xx_HAL_Driver/Src/stm32f0xx_hal_pcd.o
                0x00000000080015d2                HAL_PCD_EP_Receive
 .text.HAL_PCD_EP_Transmit
                0x000000000800165a       0x92 Drivers/STM32F0xx_HAL_Driver/Src/stm32f0xx_hal_pcd.o
                0x000000000800165a                HAL_PCD_EP_Transmit
 .text.HAL_PCD_EP_SetStall
                0x00000000080016ec       0xb8 Drivers/STM32F0xx_HAL_Driver/Src/stm32f0xx_hal_pcd.o
                0x00000000080016ec                HAL_PCD_EP_SetStall
 .text.HAL_PCD_EP_ClrStall
                0x00000000080017a4       0xbc Drivers/STM32F0xx_HAL_Driver/Src/stm32f0xx_hal_pcd.o
                0x00000000080017a4                HAL_PCD_EP_ClrStall
 .text.PCD_EP_ISR_Handler
                0x0000000008001860      0x678 Drivers/STM32F0xx_HAL_Driver/Src/stm32f0xx_hal_pcd.o
 .text.HAL_PCD_EP_DB_Receive
                0x0000000008001ed8      0x238 Drivers/STM32F0xx_HAL_Driver/Src/stm32f0xx_hal_pcd.o
 .text.HAL_PCD_EP_DB_Transmit
                0x0000000008002110      0x564 Drivers/STM32F0xx_HAL_Driver/Src/stm32f0xx_hal_pcd.o
 .text.HAL_PCDEx_LPM_Callback
                0x0000000008002674       0x16 Drivers/STM32F0xx_HAL_Driver/Src/stm32f0xx_hal_pcd_ex.o
                0x0000000008002674                HAL_PCDEx_LPM_Callback
 *fill*         0x000000000800268a        0x2 
 .text.HAL_RCC_OscConfig
                0x000000000800268c      0x70c Drivers/STM32F0xx_HAL_Driver/Src/stm32f0xx_hal_rcc.o
                0x000000000800268c                HAL_RCC_OscConfig
 .text.HAL_RCC_ClockConfig
                0x0000000008002d98      0x1b4 Drivers/STM32F0xx_HAL_Driver/Src/stm32f0xx_hal_rcc.o
                0x0000000008002d98                HAL_RCC_ClockConfig
 .text.HAL_RCC_GetSysClockFreq
                0x0000000008002f4c      0x100 Drivers/STM32F0xx_HAL_Driver/Src/stm32f0xx_hal_rcc.o
                0x0000000008002f4c                HAL_RCC_GetSysClockFreq
 .text.HAL_RCC_GetHCLKFreq
                0x000000000800304c       0x14 Drivers/STM32F0xx_HAL_Driver/Src/stm32f0xx_hal_rcc.o
                0x000000000800304c                HAL_RCC_GetHCLKFreq
 .text.HAL_RCC_GetPCLK1Freq
                0x0000000008003060       0x2c Drivers/STM32F0xx_HAL_Driver/Src/stm32f0xx_hal_rcc.o
                0x0000000008003060                HAL_RCC_GetPCLK1Freq
 .text.HAL_RCCEx_PeriphCLKConfig
                0x000000000800308c      0x1fc Drivers/STM32F0xx_HAL_Driver/Src/stm32f0xx_hal_rcc_ex.o
                0x000000000800308c                HAL_RCCEx_PeriphCLKConfig
 .text.HAL_TIM_Base_Init
                0x0000000008003288       0xa0 Drivers/STM32F0xx_HAL_Driver/Src/stm32f0xx_hal_tim.o
                0x0000000008003288                HAL_TIM_Base_Init
 .text.HAL_TIM_Base_Start_IT
                0x0000000008003328       0xa4 Drivers/STM32F0xx_HAL_Driver/Src/stm32f0xx_hal_tim.o
                0x0000000008003328                HAL_TIM_Base_Start_IT
 .text.HAL_TIM_IRQHandler
                0x00000000080033cc      0x22c Drivers/STM32F0xx_HAL_Driver/Src/stm32f0xx_hal_tim.o
                0x00000000080033cc                HAL_TIM_IRQHandler
 .text.HAL_TIM_OC_DelayElapsedCallback
                0x00000000080035f8       0x10 Drivers/STM32F0xx_HAL_Driver/Src/stm32f0xx_hal_tim.o
                0x00000000080035f8                HAL_TIM_OC_DelayElapsedCallback
 .text.HAL_TIM_IC_CaptureCallback
                0x0000000008003608       0x10 Drivers/STM32F0xx_HAL_Driver/Src/stm32f0xx_hal_tim.o
                0x0000000008003608                HAL_TIM_IC_CaptureCallback
 .text.HAL_TIM_PWM_PulseFinishedCallback
                0x0000000008003618       0x10 Drivers/STM32F0xx_HAL_Driver/Src/stm32f0xx_hal_tim.o
                0x0000000008003618                HAL_TIM_PWM_PulseFinishedCallback
 .text.HAL_TIM_TriggerCallback
                0x0000000008003628       0x10 Drivers/STM32F0xx_HAL_Driver/Src/stm32f0xx_hal_tim.o
                0x0000000008003628                HAL_TIM_TriggerCallback
 .text.TIM_Base_SetConfig
                0x0000000008003638      0x100 Drivers/STM32F0xx_HAL_Driver/Src/stm32f0xx_hal_tim.o
                0x0000000008003638                TIM_Base_SetConfig
 .text.HAL_TIMEx_MasterConfigSynchronization
                0x0000000008003738       0xbc Drivers/STM32F0xx_HAL_Driver/Src/stm32f0xx_hal_tim_ex.o
                0x0000000008003738                HAL_TIMEx_MasterConfigSynchronization
 .text.HAL_TIMEx_CommutCallback
                0x00000000080037f4       0x10 Drivers/STM32F0xx_HAL_Driver/Src/stm32f0xx_hal_tim_ex.o
                0x00000000080037f4                HAL_TIMEx_CommutCallback
 .text.HAL_TIMEx_BreakCallback
                0x0000000008003804       0x10 Drivers/STM32F0xx_HAL_Driver/Src/stm32f0xx_hal_tim_ex.o
                0x0000000008003804                HAL_TIMEx_BreakCallback
 .text.HAL_UART_Init
                0x0000000008003814       0xa8 Drivers/STM32F0xx_HAL_Driver/Src/stm32f0xx_hal_uart.o
                0x0000000008003814                HAL_UART_Init
 .text.HAL_UART_Transmit
                0x00000000080038bc      0x152 Drivers/STM32F0xx_HAL_Driver/Src/stm32f0xx_hal_uart.o
                0x00000000080038bc                HAL_UART_Transmit
 *fill*         0x0000000008003a0e        0x2 
 .text.HAL_UART_IRQHandler
                0x0000000008003a10      0x404 Drivers/STM32F0xx_HAL_Driver/Src/stm32f0xx_hal_uart.o
                0x0000000008003a10                HAL_UART_IRQHandler
 .text.HAL_UART_TxCpltCallback
                0x0000000008003e14       0x10 Drivers/STM32F0xx_HAL_Driver/Src/stm32f0xx_hal_uart.o
                0x0000000008003e14                HAL_UART_TxCpltCallback
 .text.HAL_UART_ErrorCallback
                0x0000000008003e24       0x10 Drivers/STM32F0xx_HAL_Driver/Src/stm32f0xx_hal_uart.o
                0x0000000008003e24                HAL_UART_ErrorCallback
 .text.HAL_UARTEx_RxEventCallback
                0x0000000008003e34       0x16 Drivers/STM32F0xx_HAL_Driver/Src/stm32f0xx_hal_uart.o
                0x0000000008003e34                HAL_UARTEx_RxEventCallback
 *fill*         0x0000000008003e4a        0x2 
 .text.UART_SetConfig
                0x0000000008003e4c      0x310 Drivers/STM32F0xx_HAL_Driver/Src/stm32f0xx_hal_uart.o
                0x0000000008003e4c                UART_SetConfig
 .text.UART_AdvFeatureConfig
                0x000000000800415c      0x168 Drivers/STM32F0xx_HAL_Driver/Src/stm32f0xx_hal_uart.o
                0x000000000800415c                UART_AdvFeatureConfig
 .text.UART_CheckIdleState
                0x00000000080042c4       0x90 Drivers/STM32F0xx_HAL_Driver/Src/stm32f0xx_hal_uart.o
                0x00000000080042c4                UART_CheckIdleState
 .text.UART_WaitOnFlagUntilTimeout
                0x0000000008004354       0xfc Drivers/STM32F0xx_HAL_Driver/Src/stm32f0xx_hal_uart.o
                0x0000000008004354                UART_WaitOnFlagUntilTimeout
 .text.UART_EndRxTransfer
                0x0000000008004450       0x60 Drivers/STM32F0xx_HAL_Driver/Src/stm32f0xx_hal_uart.o
 .text.UART_DMAAbortOnError
                0x00000000080044b0       0x2e Drivers/STM32F0xx_HAL_Driver/Src/stm32f0xx_hal_uart.o
 .text.UART_EndTransmit_IT
                0x00000000080044de       0x34 Drivers/STM32F0xx_HAL_Driver/Src/stm32f0xx_hal_uart.o
 .text.HAL_UARTEx_WakeupCallback
                0x0000000008004512       0x10 Drivers/STM32F0xx_HAL_Driver/Src/stm32f0xx_hal_uart_ex.o
                0x0000000008004512                HAL_UARTEx_WakeupCallback
 *fill*         0x0000000008004522        0x2 
 .text.USB_ActivateEndpoint
                0x0000000008004524      0x6ac Drivers/STM32F0xx_HAL_Driver/Src/stm32f0xx_ll_usb.o
                0x0000000008004524                USB_ActivateEndpoint
 .text.USB_EPStartXfer
                0x0000000008004bd0     0x1244 Drivers/STM32F0xx_HAL_Driver/Src/stm32f0xx_ll_usb.o
                0x0000000008004bd0                USB_EPStartXfer
 .text.USB_EPSetStall
                0x0000000008005e14       0xa0 Drivers/STM32F0xx_HAL_Driver/Src/stm32f0xx_ll_usb.o
                0x0000000008005e14                USB_EPSetStall
 .text.USB_EPClearStall
                0x0000000008005eb4      0x164 Drivers/STM32F0xx_HAL_Driver/Src/stm32f0xx_ll_usb.o
                0x0000000008005eb4                USB_EPClearStall
 .text.USB_SetDevAddress
                0x0000000008006018       0x28 Drivers/STM32F0xx_HAL_Driver/Src/stm32f0xx_ll_usb.o
                0x0000000008006018                USB_SetDevAddress
 .text.USB_ReadInterrupts
                0x0000000008006040       0x1c Drivers/STM32F0xx_HAL_Driver/Src/stm32f0xx_ll_usb.o
                0x0000000008006040                USB_ReadInterrupts
 .text.USB_WritePMA
                0x000000000800605c       0x88 Drivers/STM32F0xx_HAL_Driver/Src/stm32f0xx_ll_usb.o
                0x000000000800605c                USB_WritePMA
 .text.USB_ReadPMA
                0x00000000080060e4       0x9e Drivers/STM32F0xx_HAL_Driver/Src/stm32f0xx_ll_usb.o
                0x00000000080060e4                USB_ReadPMA
 .text.USBD_RunTestMode
                0x0000000008006182       0x12 Middlewares/ST/STM32_USB_Device_Library/Core/Src/usbd_core.o
                0x0000000008006182                USBD_RunTestMode
 .text.USBD_SetClassConfig
                0x0000000008006194       0x4e Middlewares/ST/STM32_USB_Device_Library/Core/Src/usbd_core.o
                0x0000000008006194                USBD_SetClassConfig
 .text.USBD_ClrClassConfig
                0x00000000080061e2       0x2c Middlewares/ST/STM32_USB_Device_Library/Core/Src/usbd_core.o
                0x00000000080061e2                USBD_ClrClassConfig
 *fill*         0x000000000800620e        0x2 
 .text.USBD_LL_SetupStage
                0x0000000008006210       0xbc Middlewares/ST/STM32_USB_Device_Library/Core/Src/usbd_core.o
                0x0000000008006210                USBD_LL_SetupStage
 .text.USBD_LL_DataOutStage
                0x00000000080062cc      0x104 Middlewares/ST/STM32_USB_Device_Library/Core/Src/usbd_core.o
                0x00000000080062cc                USBD_LL_DataOutStage
 .text.USBD_LL_DataInStage
                0x00000000080063d0      0x17a Middlewares/ST/STM32_USB_Device_Library/Core/Src/usbd_core.o
                0x00000000080063d0                USBD_LL_DataInStage
 .text.USBD_LL_Reset
                0x000000000800654a       0x90 Middlewares/ST/STM32_USB_Device_Library/Core/Src/usbd_core.o
                0x000000000800654a                USBD_LL_Reset
 .text.USBD_LL_SetSpeed
                0x00000000080065da       0x20 Middlewares/ST/STM32_USB_Device_Library/Core/Src/usbd_core.o
                0x00000000080065da                USBD_LL_SetSpeed
 *fill*         0x00000000080065fa        0x2 
 .text.USBD_LL_Suspend
                0x00000000080065fc       0x30 Middlewares/ST/STM32_USB_Device_Library/Core/Src/usbd_core.o
                0x00000000080065fc                USBD_LL_Suspend
 .text.USBD_LL_Resume
                0x000000000800662c       0x30 Middlewares/ST/STM32_USB_Device_Library/Core/Src/usbd_core.o
                0x000000000800662c                USBD_LL_Resume
 .text.USBD_LL_SOF
                0x000000000800665c       0x3c Middlewares/ST/STM32_USB_Device_Library/Core/Src/usbd_core.o
                0x000000000800665c                USBD_LL_SOF
 .text.USBD_StdDevReq
                0x0000000008006698       0xe4 Middlewares/ST/STM32_USB_Device_Library/Core/Src/usbd_ctlreq.o
                0x0000000008006698                USBD_StdDevReq
 .text.USBD_StdItfReq
                0x000000000800677c       0xae Middlewares/ST/STM32_USB_Device_Library/Core/Src/usbd_ctlreq.o
                0x000000000800677c                USBD_StdItfReq
 .text.USBD_StdEPReq
                0x000000000800682a      0x36c Middlewares/ST/STM32_USB_Device_Library/Core/Src/usbd_ctlreq.o
                0x000000000800682a                USBD_StdEPReq
 *fill*         0x0000000008006b96        0x2 
 .text.USBD_GetDescriptor
                0x0000000008006b98      0x364 Middlewares/ST/STM32_USB_Device_Library/Core/Src/usbd_ctlreq.o
 .text.USBD_SetAddress
                0x0000000008006efc       0xa8 Middlewares/ST/STM32_USB_Device_Library/Core/Src/usbd_ctlreq.o
 .text.USBD_SetConfig
                0x0000000008006fa4      0x148 Middlewares/ST/STM32_USB_Device_Library/Core/Src/usbd_ctlreq.o
 .text.USBD_GetConfig
                0x00000000080070ec       0x76 Middlewares/ST/STM32_USB_Device_Library/Core/Src/usbd_ctlreq.o
 .text.USBD_GetStatus
                0x0000000008007162       0x74 Middlewares/ST/STM32_USB_Device_Library/Core/Src/usbd_ctlreq.o
 .text.USBD_SetFeature
                0x00000000080071d6       0x2c Middlewares/ST/STM32_USB_Device_Library/Core/Src/usbd_ctlreq.o
 .text.USBD_ClrFeature
                0x0000000008007202       0x4c Middlewares/ST/STM32_USB_Device_Library/Core/Src/usbd_ctlreq.o
 .text.USBD_ParseSetupRequest
                0x000000000800724e       0x76 Middlewares/ST/STM32_USB_Device_Library/Core/Src/usbd_ctlreq.o
                0x000000000800724e                USBD_ParseSetupRequest
 .text.USBD_CtlError
                0x00000000080072c4       0x26 Middlewares/ST/STM32_USB_Device_Library/Core/Src/usbd_ctlreq.o
                0x00000000080072c4                USBD_CtlError
 .text.USBD_CtlSendData
                0x00000000080072ea       0x40 Middlewares/ST/STM32_USB_Device_Library/Core/Src/usbd_ioreq.o
                0x00000000080072ea                USBD_CtlSendData
 .text.USBD_CtlContinueSendData
                0x000000000800732a       0x26 Middlewares/ST/STM32_USB_Device_Library/Core/Src/usbd_ioreq.o
                0x000000000800732a                USBD_CtlContinueSendData
 .text.USBD_CtlContinueRx
                0x0000000008007350       0x26 Middlewares/ST/STM32_USB_Device_Library/Core/Src/usbd_ioreq.o
                0x0000000008007350                USBD_CtlContinueRx
 .text.USBD_CtlSendStatus
                0x0000000008007376       0x28 Middlewares/ST/STM32_USB_Device_Library/Core/Src/usbd_ioreq.o
                0x0000000008007376                USBD_CtlSendStatus
 .text.USBD_CtlReceiveStatus
                0x000000000800739e       0x28 Middlewares/ST/STM32_USB_Device_Library/Core/Src/usbd_ioreq.o
                0x000000000800739e                USBD_CtlReceiveStatus
 .text.HAL_PCD_SetupStageCallback
                0x00000000080073c6       0x2a USB_DEVICE/Target/usbd_conf.o
                0x00000000080073c6                HAL_PCD_SetupStageCallback
 .text.HAL_PCD_DataOutStageCallback
                0x00000000080073f0       0x42 USB_DEVICE/Target/usbd_conf.o
                0x00000000080073f0                HAL_PCD_DataOutStageCallback
 .text.HAL_PCD_DataInStageCallback
                0x0000000008007432       0x3c USB_DEVICE/Target/usbd_conf.o
                0x0000000008007432                HAL_PCD_DataInStageCallback
 .text.HAL_PCD_SOFCallback
                0x000000000800746e       0x1e USB_DEVICE/Target/usbd_conf.o
                0x000000000800746e                HAL_PCD_SOFCallback
 .text.HAL_PCD_ResetCallback
                0x000000000800748c       0x48 USB_DEVICE/Target/usbd_conf.o
                0x000000000800748c                HAL_PCD_ResetCallback
 .text.HAL_PCD_SuspendCallback
                0x00000000080074d4       0x38 USB_DEVICE/Target/usbd_conf.o
                0x00000000080074d4                HAL_PCD_SuspendCallback
 .text.HAL_PCD_ResumeCallback
                0x000000000800750c       0x3c USB_DEVICE/Target/usbd_conf.o
                0x000000000800750c                HAL_PCD_ResumeCallback
 .text.USBD_LL_OpenEP
                0x0000000008007548       0x6e USB_DEVICE/Target/usbd_conf.o
                0x0000000008007548                USBD_LL_OpenEP
 .text.USBD_LL_StallEP
                0x00000000080075b6       0x56 USB_DEVICE/Target/usbd_conf.o
                0x00000000080075b6                USBD_LL_StallEP
 .text.USBD_LL_ClearStallEP
                0x000000000800760c       0x56 USB_DEVICE/Target/usbd_conf.o
                0x000000000800760c                USBD_LL_ClearStallEP
 .text.USBD_LL_IsStallEP
                0x0000000008007662       0x62 USB_DEVICE/Target/usbd_conf.o
                0x0000000008007662                USBD_LL_IsStallEP
 .text.USBD_LL_SetUSBAddress
                0x00000000080076c4       0x56 USB_DEVICE/Target/usbd_conf.o
                0x00000000080076c4                USBD_LL_SetUSBAddress
 .text.USBD_LL_Transmit
                0x000000000800771a       0x6e USB_DEVICE/Target/usbd_conf.o
                0x000000000800771a                USBD_LL_Transmit
 .text.USBD_LL_PrepareReceive
                0x0000000008007788       0x6e USB_DEVICE/Target/usbd_conf.o
                0x0000000008007788                USBD_LL_PrepareReceive
 .text.SystemClockConfig_Resume
                0x00000000080077f6        0xe USB_DEVICE/Target/usbd_conf.o
 .text.USBD_Get_USB_Status
                0x0000000008007804       0x6e USB_DEVICE/Target/usbd_conf.o
 *fill*         0x0000000008007872        0x2 
 .text.__libc_init_array
                0x0000000008007874       0x48 f:/stm32ide_cube/stm32cubeide_1.6.1/stm32cubeide/plugins/com.st.stm32cube.ide.mcu.externaltools.gnu-tools-for-stm32.9-2020-q2-update.win32_1.5.0.202011040924/tools/bin/../lib/gcc/arm-none-eabi/9.3.1/../../../../arm-none-eabi/lib/thumb/v6-m/nofp\libc_nano.a(lib_a-init.o)
                0x0000000008007874                __libc_init_array
 .text.memset   0x00000000080078bc       0x10 f:/stm32ide_cube/stm32cubeide_1.6.1/stm32cubeide/plugins/com.st.stm32cube.ide.mcu.externaltools.gnu-tools-for-stm32.9-2020-q2-update.win32_1.5.0.202011040924/tools/bin/../lib/gcc/arm-none-eabi/9.3.1/../../../../arm-none-eabi/lib/thumb/v6-m/nofp\libc_nano.a(lib_a-memset.o)
                0x00000000080078bc                memset
 *(.glue_7)
 .glue_7        0x00000000080078cc        0x0 linker stubs
 *(.glue_7t)
 .glue_7t       0x00000000080078cc        0x0 linker stubs
 *(.eh_frame)
 .eh_frame      0x00000000080078cc        0x0 f:/stm32ide_cube/stm32cubeide_1.6.1/stm32cubeide/plugins/com.st.stm32cube.ide.mcu.externaltools.gnu-tools-for-stm32.9-2020-q2-update.win32_1.5.0.202011040924/tools/bin/../lib/gcc/arm-none-eabi/9.3.1/thumb/v6-m/nofp/crtbegin.o
 *(.init)
 .init          0x00000000080078cc        0x4 f:/stm32ide_cube/stm32cubeide_1.6.1/stm32cubeide/plugins/com.st.stm32cube.ide.mcu.externaltools.gnu-tools-for-stm32.9-2020-q2-update.win32_1.5.0.202011040924/tools/bin/../lib/gcc/arm-none-eabi/9.3.1/thumb/v6-m/nofp/crti.o
                0x00000000080078cc                _init
 .init          0x00000000080078d0        0x8 f:/stm32ide_cube/stm32cubeide_1.6.1/stm32cubeide/plugins/com.st.stm32cube.ide.mcu.externaltools.gnu-tools-for-stm32.9-2020-q2-update.win32_1.5.0.202011040924/tools/bin/../lib/gcc/arm-none-eabi/9.3.1/thumb/v6-m/nofp/crtn.o
 *(.fini)
 .fini          0x00000000080078d8        0x4 f:/stm32ide_cube/stm32cubeide_1.6.1/stm32cubeide/plugins/com.st.stm32cube.ide.mcu.externaltools.gnu-tools-for-stm32.9-2020-q2-update.win32_1.5.0.202011040924/tools/bin/../lib/gcc/arm-none-eabi/9.3.1/thumb/v6-m/nofp/crti.o
                0x00000000080078d8                _fini
 .fini          0x00000000080078dc        0x8 f:/stm32ide_cube/stm32cubeide_1.6.1/stm32cubeide/plugins/com.st.stm32cube.ide.mcu.externaltools.gnu-tools-for-stm32.9-2020-q2-update.win32_1.5.0.202011040924/tools/bin/../lib/gcc/arm-none-eabi/9.3.1/thumb/v6-m/nofp/crtn.o
                0x00000000080078e4                . = ALIGN (0x4)
                0x00000000080078e4                _etext = .

.vfp11_veneer   0x00000000080078e4        0x0
 .vfp11_veneer  0x00000000080078e4        0x0 linker stubs

.v4_bx          0x00000000080078e4        0x0
 .v4_bx         0x00000000080078e4        0x0 linker stubs

.iplt           0x00000000080078e4        0x0
 .iplt          0x00000000080078e4        0x0 f:/stm32ide_cube/stm32cubeide_1.6.1/stm32cubeide/plugins/com.st.stm32cube.ide.mcu.externaltools.gnu-tools-for-stm32.9-2020-q2-update.win32_1.5.0.202011040924/tools/bin/../lib/gcc/arm-none-eabi/9.3.1/thumb/v6-m/nofp/crtbegin.o

.rodata         0x00000000080078e4       0xa8
                0x00000000080078e4                . = ALIGN (0x4)
 *(.rodata)
 .rodata        0x00000000080078e4        0xf Core/Src/main.o
 *fill*         0x00000000080078f3        0x1 
 .rodata        0x00000000080078f4       0x20 Drivers/STM32F0xx_HAL_Driver/Src/stm32f0xx_hal_rcc.o
 *(.rodata*)
 .rodata.AHBPrescTable
                0x0000000008007914       0x10 Core/Src/system_stm32f0xx.o
                0x0000000008007914                AHBPrescTable
 .rodata.APBPrescTable
                0x0000000008007924        0x8 Core/Src/system_stm32f0xx.o
                0x0000000008007924                APBPrescTable
 .rodata.USBD_StdDevReq
                0x000000000800792c       0x28 Middlewares/ST/STM32_USB_Device_Library/Core/Src/usbd_ctlreq.o
 .rodata.USBD_GetDescriptor
                0x0000000008007954       0x38 Middlewares/ST/STM32_USB_Device_Library/Core/Src/usbd_ctlreq.o
                0x000000000800798c                . = ALIGN (0x4)

.rel.dyn        0x000000000800798c        0x0
 .rel.iplt      0x000000000800798c        0x0 f:/stm32ide_cube/stm32cubeide_1.6.1/stm32cubeide/plugins/com.st.stm32cube.ide.mcu.externaltools.gnu-tools-for-stm32.9-2020-q2-update.win32_1.5.0.202011040924/tools/bin/../lib/gcc/arm-none-eabi/9.3.1/thumb/v6-m/nofp/crtbegin.o

.ARM.extab      0x000000000800798c        0x0
                0x000000000800798c                . = ALIGN (0x4)
 *(.ARM.extab* .gnu.linkonce.armextab.*)
                0x000000000800798c                . = ALIGN (0x4)

.ARM            0x000000000800798c        0x0
                0x000000000800798c                . = ALIGN (0x4)
                0x000000000800798c                __exidx_start = .
 *(.ARM.exidx*)
                0x000000000800798c                __exidx_end = .
                0x000000000800798c                . = ALIGN (0x4)

.preinit_array  0x000000000800798c        0x0
                0x000000000800798c                . = ALIGN (0x4)
                0x000000000800798c                PROVIDE (__preinit_array_start = .)
 *(.preinit_array*)
                0x000000000800798c                PROVIDE (__preinit_array_end = .)
                0x000000000800798c                . = ALIGN (0x4)

.init_array     0x000000000800798c        0x4
                0x000000000800798c                . = ALIGN (0x4)
                0x000000000800798c                PROVIDE (__init_array_start = .)
 *(SORT_BY_NAME(.init_array.*))
 *(.init_array*)
 .init_array    0x000000000800798c        0x4 f:/stm32ide_cube/stm32cubeide_1.6.1/stm32cubeide/plugins/com.st.stm32cube.ide.mcu.externaltools.gnu-tools-for-stm32.9-2020-q2-update.win32_1.5.0.202011040924/tools/bin/../lib/gcc/arm-none-eabi/9.3.1/thumb/v6-m/nofp/crtbegin.o
                0x0000000008007990                PROVIDE (__init_array_end = .)
                0x0000000008007990                . = ALIGN (0x4)

.fini_array     0x0000000008007990        0x4
                0x0000000008007990                . = ALIGN (0x4)
                [!provide]                        PROVIDE (__fini_array_start = .)
 *(SORT_BY_NAME(.fini_array.*))
 *(.fini_array*)
 .fini_array    0x0000000008007990        0x4 f:/stm32ide_cube/stm32cubeide_1.6.1/stm32cubeide/plugins/com.st.stm32cube.ide.mcu.externaltools.gnu-tools-for-stm32.9-2020-q2-update.win32_1.5.0.202011040924/tools/bin/../lib/gcc/arm-none-eabi/9.3.1/thumb/v6-m/nofp/crtbegin.o
                [!provide]                        PROVIDE (__fini_array_end = .)
                0x0000000008007994                . = ALIGN (0x4)
                0x0000000008007994                _sidata = LOADADDR (.data)

.data           0x0000000020000000       0x30 load address 0x0000000008007994
                0x0000000020000000                . = ALIGN (0x4)
                0x0000000020000000                _sdata = .
 *(.data)
 *(.data*)
 .data.InputState
                0x0000000020000000        0x1 Core/Src/main.o
                0x0000000020000000                InputState
 *fill*         0x0000000020000001        0x3 
 .data.string_alarm
                0x0000000020000004       0x16 Core/Src/main.o
                0x0000000020000004                string_alarm
 *fill*         0x000000002000001a        0x2 
 .data.string_ok
                0x000000002000001c        0x5 Core/Src/main.o
                0x000000002000001c                string_ok
 *fill*         0x0000000020000021        0x3 
 .data.SystemCoreClock
                0x0000000020000024        0x4 Core/Src/system_stm32f0xx.o
                0x0000000020000024                SystemCoreClock
 .data.uwTickPrio
                0x0000000020000028        0x4 Drivers/STM32F0xx_HAL_Driver/Src/stm32f0xx_hal.o
                0x0000000020000028                uwTickPrio
 .data.uwTickFreq
                0x000000002000002c        0x1 Drivers/STM32F0xx_HAL_Driver/Src/stm32f0xx_hal.o
                0x000000002000002c                uwTickFreq
 *(.RamFunc)
 *(.RamFunc*)
                0x0000000020000030                . = ALIGN (0x4)
 *fill*         0x000000002000002d        0x3 
                0x0000000020000030                _edata = .

.igot.plt       0x0000000020000030        0x0 load address 0x00000000080079c4
 .igot.plt      0x0000000020000030        0x0 f:/stm32ide_cube/stm32cubeide_1.6.1/stm32cubeide/plugins/com.st.stm32cube.ide.mcu.externaltools.gnu-tools-for-stm32.9-2020-q2-update.win32_1.5.0.202011040924/tools/bin/../lib/gcc/arm-none-eabi/9.3.1/thumb/v6-m/nofp/crtbegin.o
                0x0000000020000030                . = ALIGN (0x4)

.bss            0x0000000020000030      0x42c load address 0x00000000080079c4
                0x0000000020000030                _sbss = .
                0x0000000020000030                __bss_start__ = _sbss
 *(.bss)
 .bss           0x0000000020000030       0x1c f:/stm32ide_cube/stm32cubeide_1.6.1/stm32cubeide/plugins/com.st.stm32cube.ide.mcu.externaltools.gnu-tools-for-stm32.9-2020-q2-update.win32_1.5.0.202011040924/tools/bin/../lib/gcc/arm-none-eabi/9.3.1/thumb/v6-m/nofp/crtbegin.o
 *(.bss*)
 .bss.EnableFlag
                0x000000002000004c        0x1 Core/Src/main.o
                0x000000002000004c                EnableFlag
 .bss.CounterBounce
                0x000000002000004d        0x1 Core/Src/main.o
                0x000000002000004d                CounterBounce
 .bss.cfgidx.8550
                0x000000002000004e        0x1 Middlewares/ST/STM32_USB_Device_Library/Core/Src/usbd_ctlreq.o
 *(COMMON)
 *fill*         0x000000002000004f        0x1 
 COMMON         0x0000000020000050      0x114 Core/Src/main.o
                0x0000000020000050                htim6
                0x0000000020000098                huart2
                0x000000002000011c                htim7
 COMMON         0x0000000020000164        0x4 Drivers/STM32F0xx_HAL_Driver/Src/stm32f0xx_hal.o
                0x0000000020000164                uwTick
 COMMON         0x0000000020000168      0x2f4 USB_DEVICE/Target/usbd_conf.o
                0x0000000020000168                hpcd_USB_FS
                0x000000002000045c                . = ALIGN (0x4)
                0x000000002000045c                _ebss = .
                0x000000002000045c                __bss_end__ = _ebss

._user_heap_stack
                0x000000002000045c      0x604 load address 0x00000000080079c4
                0x0000000020000460                . = ALIGN (0x8)
 *fill*         0x000000002000045c        0x4 
                [!provide]                        PROVIDE (end = .)
                0x0000000020000460                PROVIDE (_end = .)
                0x0000000020000660                . = (. + _Min_Heap_Size)
 *fill*         0x0000000020000460      0x200 
                0x0000000020000a60                . = (. + _Min_Stack_Size)
 *fill*         0x0000000020000660      0x400 
                0x0000000020000a60                . = ALIGN (0x8)

/DISCARD/
 libc.a(*)
 libm.a(*)
 libgcc.a(*)

.ARM.attributes
                0x0000000000000000       0x28
 *(.ARM.attributes)
 .ARM.attributes
                0x0000000000000000       0x1e f:/stm32ide_cube/stm32cubeide_1.6.1/stm32cubeide/plugins/com.st.stm32cube.ide.mcu.externaltools.gnu-tools-for-stm32.9-2020-q2-update.win32_1.5.0.202011040924/tools/bin/../lib/gcc/arm-none-eabi/9.3.1/thumb/v6-m/nofp/crti.o
 .ARM.attributes
                0x000000000000001e       0x2c f:/stm32ide_cube/stm32cubeide_1.6.1/stm32cubeide/plugins/com.st.stm32cube.ide.mcu.externaltools.gnu-tools-for-stm32.9-2020-q2-update.win32_1.5.0.202011040924/tools/bin/../lib/gcc/arm-none-eabi/9.3.1/thumb/v6-m/nofp/crtbegin.o
 .ARM.attributes
                0x000000000000004a       0x2c Core/Src/main.o
 .ARM.attributes
                0x0000000000000076       0x2c Core/Src/stm32f0xx_hal_msp.o
 .ARM.attributes
                0x00000000000000a2       0x2c Core/Src/stm32f0xx_it.o
 .ARM.attributes
                0x00000000000000ce       0x2c Core/Src/system_stm32f0xx.o
 .ARM.attributes
                0x00000000000000fa       0x21 Core/Startup/startup_stm32f072rbtx.o
 .ARM.attributes
                0x000000000000011b       0x2c Drivers/STM32F0xx_HAL_Driver/Src/stm32f0xx_hal.o
 .ARM.attributes
                0x0000000000000147       0x2c Drivers/STM32F0xx_HAL_Driver/Src/stm32f0xx_hal_cortex.o
 .ARM.attributes
                0x0000000000000173       0x2c Drivers/STM32F0xx_HAL_Driver/Src/stm32f0xx_hal_dma.o
 .ARM.attributes
                0x000000000000019f       0x2c Drivers/STM32F0xx_HAL_Driver/Src/stm32f0xx_hal_gpio.o
 .ARM.attributes
                0x00000000000001cb       0x2c Drivers/STM32F0xx_HAL_Driver/Src/stm32f0xx_hal_pcd.o
 .ARM.attributes
                0x00000000000001f7       0x2c Drivers/STM32F0xx_HAL_Driver/Src/stm32f0xx_hal_pcd_ex.o
 .ARM.attributes
                0x0000000000000223       0x2c Drivers/STM32F0xx_HAL_Driver/Src/stm32f0xx_hal_rcc.o
 .ARM.attributes
                0x000000000000024f       0x2c Drivers/STM32F0xx_HAL_Driver/Src/stm32f0xx_hal_rcc_ex.o
 .ARM.attributes
                0x000000000000027b       0x2c Drivers/STM32F0xx_HAL_Driver/Src/stm32f0xx_hal_tim.o
 .ARM.attributes
                0x00000000000002a7       0x2c Drivers/STM32F0xx_HAL_Driver/Src/stm32f0xx_hal_tim_ex.o
 .ARM.attributes
                0x00000000000002d3       0x2c Drivers/STM32F0xx_HAL_Driver/Src/stm32f0xx_hal_uart.o
 .ARM.attributes
                0x00000000000002ff       0x2c Drivers/STM32F0xx_HAL_Driver/Src/stm32f0xx_hal_uart_ex.o
 .ARM.attributes
                0x000000000000032b       0x2c Drivers/STM32F0xx_HAL_Driver/Src/stm32f0xx_ll_usb.o
 .ARM.attributes
                0x0000000000000357       0x2c Middlewares/ST/STM32_USB_Device_Library/Core/Src/usbd_core.o
 .ARM.attributes
                0x0000000000000383       0x2c Middlewares/ST/STM32_USB_Device_Library/Core/Src/usbd_ctlreq.o
 .ARM.attributes
                0x00000000000003af       0x2c Middlewares/ST/STM32_USB_Device_Library/Core/Src/usbd_ioreq.o
 .ARM.attributes
                0x00000000000003db       0x2c USB_DEVICE/Target/usbd_conf.o
 .ARM.attributes
                0x0000000000000407       0x2c f:/stm32ide_cube/stm32cubeide_1.6.1/stm32cubeide/plugins/com.st.stm32cube.ide.mcu.externaltools.gnu-tools-for-stm32.9-2020-q2-update.win32_1.5.0.202011040924/tools/bin/../lib/gcc/arm-none-eabi/9.3.1/../../../../arm-none-eabi/lib/thumb/v6-m/nofp\libc_nano.a(lib_a-init.o)
 .ARM.attributes
                0x0000000000000433       0x2c f:/stm32ide_cube/stm32cubeide_1.6.1/stm32cubeide/plugins/com.st.stm32cube.ide.mcu.externaltools.gnu-tools-for-stm32.9-2020-q2-update.win32_1.5.0.202011040924/tools/bin/../lib/gcc/arm-none-eabi/9.3.1/../../../../arm-none-eabi/lib/thumb/v6-m/nofp\libc_nano.a(lib_a-memset.o)
 .ARM.attributes
                0x000000000000045f       0x1c f:/stm32ide_cube/stm32cubeide_1.6.1/stm32cubeide/plugins/com.st.stm32cube.ide.mcu.externaltools.gnu-tools-for-stm32.9-2020-q2-update.win32_1.5.0.202011040924/tools/bin/../lib/gcc/arm-none-eabi/9.3.1/../../../../arm-none-eabi/lib/thumb/v6-m/nofp\libc_nano.a(lib_a-strlen.o)
 .ARM.attributes
                0x000000000000047b       0x1e f:/stm32ide_cube/stm32cubeide_1.6.1/stm32cubeide/plugins/com.st.stm32cube.ide.mcu.externaltools.gnu-tools-for-stm32.9-2020-q2-update.win32_1.5.0.202011040924/tools/bin/../lib/gcc/arm-none-eabi/9.3.1/thumb/v6-m/nofp\libgcc.a(_udivsi3.o)
 .ARM.attributes
                0x0000000000000499       0x1e f:/stm32ide_cube/stm32cubeide_1.6.1/stm32cubeide/plugins/com.st.stm32cube.ide.mcu.externaltools.gnu-tools-for-stm32.9-2020-q2-update.win32_1.5.0.202011040924/tools/bin/../lib/gcc/arm-none-eabi/9.3.1/thumb/v6-m/nofp\libgcc.a(_dvmd_tls.o)
 .ARM.attributes
                0x00000000000004b7       0x1e f:/stm32ide_cube/stm32cubeide_1.6.1/stm32cubeide/plugins/com.st.stm32cube.ide.mcu.externaltools.gnu-tools-for-stm32.9-2020-q2-update.win32_1.5.0.202011040924/tools/bin/../lib/gcc/arm-none-eabi/9.3.1/thumb/v6-m/nofp/crtn.o
OUTPUT(Nucleo_F072rb.elf elf32-littlearm)
LOAD linker stubs
LOAD f:/stm32ide_cube/stm32cubeide_1.6.1/stm32cubeide/plugins/com.st.stm32cube.ide.mcu.externaltools.gnu-tools-for-stm32.9-2020-q2-update.win32_1.5.0.202011040924/tools/bin/../lib/gcc/arm-none-eabi/9.3.1/../../../../arm-none-eabi/lib/thumb/v6-m/nofp\libc.a
LOAD f:/stm32ide_cube/stm32cubeide_1.6.1/stm32cubeide/plugins/com.st.stm32cube.ide.mcu.externaltools.gnu-tools-for-stm32.9-2020-q2-update.win32_1.5.0.202011040924/tools/bin/../lib/gcc/arm-none-eabi/9.3.1/../../../../arm-none-eabi/lib/thumb/v6-m/nofp\libm.a
LOAD f:/stm32ide_cube/stm32cubeide_1.6.1/stm32cubeide/plugins/com.st.stm32cube.ide.mcu.externaltools.gnu-tools-for-stm32.9-2020-q2-update.win32_1.5.0.202011040924/tools/bin/../lib/gcc/arm-none-eabi/9.3.1/thumb/v6-m/nofp\libgcc.a

.debug_info     0x0000000000000000    0x1508b
 .debug_info    0x0000000000000000     0x1a85 Core/Src/main.o
 .debug_info    0x0000000000001a85      0xe6a Core/Src/stm32f0xx_hal_msp.o
 .debug_info    0x00000000000028ef      0xfda Core/Src/stm32f0xx_it.o
 .debug_info    0x00000000000038c9      0x2c3 Core/Src/system_stm32f0xx.o
 .debug_info    0x0000000000003b8c       0x22 Core/Startup/startup_stm32f072rbtx.o
 .debug_info    0x0000000000003bae      0x717 Drivers/STM32F0xx_HAL_Driver/Src/stm32f0xx_hal.o
 .debug_info    0x00000000000042c5      0x7e8 Drivers/STM32F0xx_HAL_Driver/Src/stm32f0xx_hal_cortex.o
 .debug_info    0x0000000000004aad      0x814 Drivers/STM32F0xx_HAL_Driver/Src/stm32f0xx_hal_dma.o
 .debug_info    0x00000000000052c1      0x6ed Drivers/STM32F0xx_HAL_Driver/Src/stm32f0xx_hal_gpio.o
 .debug_info    0x00000000000059ae     0x1298 Drivers/STM32F0xx_HAL_Driver/Src/stm32f0xx_hal_pcd.o
 .debug_info    0x0000000000006c46      0x91c Drivers/STM32F0xx_HAL_Driver/Src/stm32f0xx_hal_pcd_ex.o
 .debug_info    0x0000000000007562      0x8b1 Drivers/STM32F0xx_HAL_Driver/Src/stm32f0xx_hal_rcc.o
 .debug_info    0x0000000000007e13      0x6da Drivers/STM32F0xx_HAL_Driver/Src/stm32f0xx_hal_rcc_ex.o
 .debug_info    0x00000000000084ed     0x2a21 Drivers/STM32F0xx_HAL_Driver/Src/stm32f0xx_hal_tim.o
 .debug_info    0x000000000000af0e     0x1473 Drivers/STM32F0xx_HAL_Driver/Src/stm32f0xx_hal_tim_ex.o
 .debug_info    0x000000000000c381     0x17d9 Drivers/STM32F0xx_HAL_Driver/Src/stm32f0xx_hal_uart.o
 .debug_info    0x000000000000db5a      0xa91 Drivers/STM32F0xx_HAL_Driver/Src/stm32f0xx_hal_uart_ex.o
 .debug_info    0x000000000000e5eb     0x1743 Drivers/STM32F0xx_HAL_Driver/Src/stm32f0xx_ll_usb.o
 .debug_info    0x000000000000fd2e     0x12c8 Middlewares/ST/STM32_USB_Device_Library/Core/Src/usbd_core.o
 .debug_info    0x0000000000010ff6     0x1235 Middlewares/ST/STM32_USB_Device_Library/Core/Src/usbd_ctlreq.o
 .debug_info    0x000000000001222b     0x1007 Middlewares/ST/STM32_USB_Device_Library/Core/Src/usbd_ioreq.o
 .debug_info    0x0000000000013232     0x1e59 USB_DEVICE/Target/usbd_conf.o

.debug_abbrev   0x0000000000000000     0x2f65
 .debug_abbrev  0x0000000000000000      0x2f6 Core/Src/main.o
 .debug_abbrev  0x00000000000002f6      0x1c8 Core/Src/stm32f0xx_hal_msp.o
 .debug_abbrev  0x00000000000004be      0x1a7 Core/Src/stm32f0xx_it.o
 .debug_abbrev  0x0000000000000665      0x145 Core/Src/system_stm32f0xx.o
 .debug_abbrev  0x00000000000007aa       0x12 Core/Startup/startup_stm32f072rbtx.o
 .debug_abbrev  0x00000000000007bc      0x1ed Drivers/STM32F0xx_HAL_Driver/Src/stm32f0xx_hal.o
 .debug_abbrev  0x00000000000009a9      0x2a9 Drivers/STM32F0xx_HAL_Driver/Src/stm32f0xx_hal_cortex.o
 .debug_abbrev  0x0000000000000c52      0x242 Drivers/STM32F0xx_HAL_Driver/Src/stm32f0xx_hal_dma.o
 .debug_abbrev  0x0000000000000e94      0x1e8 Drivers/STM32F0xx_HAL_Driver/Src/stm32f0xx_hal_gpio.o
 .debug_abbrev  0x000000000000107c      0x29e Drivers/STM32F0xx_HAL_Driver/Src/stm32f0xx_hal_pcd.o
 .debug_abbrev  0x000000000000131a      0x219 Drivers/STM32F0xx_HAL_Driver/Src/stm32f0xx_hal_pcd_ex.o
 .debug_abbrev  0x0000000000001533      0x23b Drivers/STM32F0xx_HAL_Driver/Src/stm32f0xx_hal_rcc.o
 .debug_abbrev  0x000000000000176e      0x1c9 Drivers/STM32F0xx_HAL_Driver/Src/stm32f0xx_hal_rcc_ex.o
 .debug_abbrev  0x0000000000001937      0x25e Drivers/STM32F0xx_HAL_Driver/Src/stm32f0xx_hal_tim.o
 .debug_abbrev  0x0000000000001b95      0x266 Drivers/STM32F0xx_HAL_Driver/Src/stm32f0xx_hal_tim_ex.o
 .debug_abbrev  0x0000000000001dfb      0x23f Drivers/STM32F0xx_HAL_Driver/Src/stm32f0xx_hal_uart.o
 .debug_abbrev  0x000000000000203a      0x20a Drivers/STM32F0xx_HAL_Driver/Src/stm32f0xx_hal_uart_ex.o
 .debug_abbrev  0x0000000000002244      0x25c Drivers/STM32F0xx_HAL_Driver/Src/stm32f0xx_ll_usb.o
 .debug_abbrev  0x00000000000024a0      0x2a8 Middlewares/ST/STM32_USB_Device_Library/Core/Src/usbd_core.o
 .debug_abbrev  0x0000000000002748      0x2de Middlewares/ST/STM32_USB_Device_Library/Core/Src/usbd_ctlreq.o
 .debug_abbrev  0x0000000000002a26      0x20a Middlewares/ST/STM32_USB_Device_Library/Core/Src/usbd_ioreq.o
 .debug_abbrev  0x0000000000002c30      0x335 USB_DEVICE/Target/usbd_conf.o

.debug_aranges  0x0000000000000000     0x1190
 .debug_aranges
                0x0000000000000000       0x88 Core/Src/main.o
 .debug_aranges
                0x0000000000000088       0x40 Core/Src/stm32f0xx_hal_msp.o
 .debug_aranges
                0x00000000000000c8       0x68 Core/Src/stm32f0xx_it.o
 .debug_aranges
                0x0000000000000130       0x28 Core/Src/system_stm32f0xx.o
 .debug_aranges
                0x0000000000000158       0x28 Core/Startup/startup_stm32f072rbtx.o
 .debug_aranges
                0x0000000000000180       0xd0 Drivers/STM32F0xx_HAL_Driver/Src/stm32f0xx_hal.o
 .debug_aranges
                0x0000000000000250       0xc0 Drivers/STM32F0xx_HAL_Driver/Src/stm32f0xx_hal_cortex.o
 .debug_aranges
                0x0000000000000310       0x88 Drivers/STM32F0xx_HAL_Driver/Src/stm32f0xx_hal_dma.o
 .debug_aranges
                0x0000000000000398       0x58 Drivers/STM32F0xx_HAL_Driver/Src/stm32f0xx_hal_gpio.o
 .debug_aranges
                0x00000000000003f0      0x130 Drivers/STM32F0xx_HAL_Driver/Src/stm32f0xx_hal_pcd.o
 .debug_aranges
                0x0000000000000520       0x58 Drivers/STM32F0xx_HAL_Driver/Src/stm32f0xx_hal_pcd_ex.o
 .debug_aranges
                0x0000000000000578       0x80 Drivers/STM32F0xx_HAL_Driver/Src/stm32f0xx_hal_rcc.o
 .debug_aranges
                0x00000000000005f8       0x78 Drivers/STM32F0xx_HAL_Driver/Src/stm32f0xx_hal_rcc_ex.o
 .debug_aranges
                0x0000000000000670      0x3d0 Drivers/STM32F0xx_HAL_Driver/Src/stm32f0xx_hal_tim.o
 .debug_aranges
                0x0000000000000a40      0x168 Drivers/STM32F0xx_HAL_Driver/Src/stm32f0xx_hal_tim_ex.o
 .debug_aranges
                0x0000000000000ba8      0x228 Drivers/STM32F0xx_HAL_Driver/Src/stm32f0xx_hal_uart.o
 .debug_aranges
                0x0000000000000dd0       0x68 Drivers/STM32F0xx_HAL_Driver/Src/stm32f0xx_hal_uart_ex.o
 .debug_aranges
                0x0000000000000e38       0xb0 Drivers/STM32F0xx_HAL_Driver/Src/stm32f0xx_ll_usb.o
 .debug_aranges
                0x0000000000000ee8       0xb8 Middlewares/ST/STM32_USB_Device_Library/Core/Src/usbd_core.o
 .debug_aranges
                0x0000000000000fa0       0x88 Middlewares/ST/STM32_USB_Device_Library/Core/Src/usbd_ctlreq.o
 .debug_aranges
                0x0000000000001028       0x50 Middlewares/ST/STM32_USB_Device_Library/Core/Src/usbd_ioreq.o
 .debug_aranges
                0x0000000000001078      0x118 USB_DEVICE/Target/usbd_conf.o

.debug_ranges   0x0000000000000000     0x1068
 .debug_ranges  0x0000000000000000       0x78 Core/Src/main.o
 .debug_ranges  0x0000000000000078       0x30 Core/Src/stm32f0xx_hal_msp.o
 .debug_ranges  0x00000000000000a8       0x58 Core/Src/stm32f0xx_it.o
 .debug_ranges  0x0000000000000100       0x18 Core/Src/system_stm32f0xx.o
 .debug_ranges  0x0000000000000118       0x20 Core/Startup/startup_stm32f072rbtx.o
 .debug_ranges  0x0000000000000138       0xc0 Drivers/STM32F0xx_HAL_Driver/Src/stm32f0xx_hal.o
 .debug_ranges  0x00000000000001f8       0xb0 Drivers/STM32F0xx_HAL_Driver/Src/stm32f0xx_hal_cortex.o
 .debug_ranges  0x00000000000002a8       0x78 Drivers/STM32F0xx_HAL_Driver/Src/stm32f0xx_hal_dma.o
 .debug_ranges  0x0000000000000320       0x48 Drivers/STM32F0xx_HAL_Driver/Src/stm32f0xx_hal_gpio.o
 .debug_ranges  0x0000000000000368      0x120 Drivers/STM32F0xx_HAL_Driver/Src/stm32f0xx_hal_pcd.o
 .debug_ranges  0x0000000000000488       0x48 Drivers/STM32F0xx_HAL_Driver/Src/stm32f0xx_hal_pcd_ex.o
 .debug_ranges  0x00000000000004d0       0x70 Drivers/STM32F0xx_HAL_Driver/Src/stm32f0xx_hal_rcc.o
 .debug_ranges  0x0000000000000540       0x68 Drivers/STM32F0xx_HAL_Driver/Src/stm32f0xx_hal_rcc_ex.o
 .debug_ranges  0x00000000000005a8      0x3c0 Drivers/STM32F0xx_HAL_Driver/Src/stm32f0xx_hal_tim.o
 .debug_ranges  0x0000000000000968      0x158 Drivers/STM32F0xx_HAL_Driver/Src/stm32f0xx_hal_tim_ex.o
 .debug_ranges  0x0000000000000ac0      0x248 Drivers/STM32F0xx_HAL_Driver/Src/stm32f0xx_hal_uart.o
 .debug_ranges  0x0000000000000d08       0x58 Drivers/STM32F0xx_HAL_Driver/Src/stm32f0xx_hal_uart_ex.o
 .debug_ranges  0x0000000000000d60       0xa0 Drivers/STM32F0xx_HAL_Driver/Src/stm32f0xx_ll_usb.o
 .debug_ranges  0x0000000000000e00       0xa8 Middlewares/ST/STM32_USB_Device_Library/Core/Src/usbd_core.o
 .debug_ranges  0x0000000000000ea8       0x78 Middlewares/ST/STM32_USB_Device_Library/Core/Src/usbd_ctlreq.o
 .debug_ranges  0x0000000000000f20       0x40 Middlewares/ST/STM32_USB_Device_Library/Core/Src/usbd_ioreq.o
 .debug_ranges  0x0000000000000f60      0x108 USB_DEVICE/Target/usbd_conf.o

.debug_macro    0x0000000000000000    0x1bd08
 .debug_macro   0x0000000000000000      0x3e0 Core/Src/main.o
 .debug_macro   0x00000000000003e0      0xa7e Core/Src/main.o
 .debug_macro   0x0000000000000e5e      0x139 Core/Src/main.o
 .debug_macro   0x0000000000000f97       0x2e Core/Src/main.o
 .debug_macro   0x0000000000000fc5       0x22 Core/Src/main.o
 .debug_macro   0x0000000000000fe7       0x22 Core/Src/main.o
 .debug_macro   0x0000000000001009       0x8e Core/Src/main.o
 .debug_macro   0x0000000000001097       0x51 Core/Src/main.o
 .debug_macro   0x00000000000010e8      0x103 Core/Src/main.o
 .debug_macro   0x00000000000011eb       0x6a Core/Src/main.o
 .debug_macro   0x0000000000001255      0x1df Core/Src/main.o
 .debug_macro   0x0000000000001434       0x1c Core/Src/main.o
 .debug_macro   0x0000000000001450       0x22 Core/Src/main.o
 .debug_macro   0x0000000000001472       0xb5 Core/Src/main.o
 .debug_macro   0x0000000000001527      0x391 Core/Src/main.o
 .debug_macro   0x00000000000018b8     0xfe50 Core/Src/main.o
 .debug_macro   0x0000000000011708       0x3c Core/Src/main.o
 .debug_macro   0x0000000000011744     0x3461 Core/Src/main.o
 .debug_macro   0x0000000000014ba5      0x174 Core/Src/main.o
 .debug_macro   0x0000000000014d19       0x55 Core/Src/main.o
 .debug_macro   0x0000000000014d6e      0x946 Core/Src/main.o
 .debug_macro   0x00000000000156b4      0x5f3 Core/Src/main.o
 .debug_macro   0x0000000000015ca7      0x12f Core/Src/main.o
 .debug_macro   0x0000000000015dd6      0x1a7 Core/Src/main.o
 .debug_macro   0x0000000000015f7d      0x1a7 Core/Src/main.o
 .debug_macro   0x0000000000016124      0x22c Core/Src/main.o
 .debug_macro   0x0000000000016350       0x34 Core/Src/main.o
 .debug_macro   0x0000000000016384       0x43 Core/Src/main.o
 .debug_macro   0x00000000000163c7       0x28 Core/Src/main.o
 .debug_macro   0x00000000000163ef       0xb0 Core/Src/main.o
 .debug_macro   0x000000000001649f      0x217 Core/Src/main.o
 .debug_macro   0x00000000000166b6      0x22c Core/Src/main.o
 .debug_macro   0x00000000000168e2       0x60 Core/Src/main.o
 .debug_macro   0x0000000000016942       0xa5 Core/Src/main.o
 .debug_macro   0x00000000000169e7       0x65 Core/Src/main.o
 .debug_macro   0x0000000000016a4c      0x234 Core/Src/main.o
 .debug_macro   0x0000000000016c80       0x4c Core/Src/main.o
 .debug_macro   0x0000000000016ccc      0x16d Core/Src/main.o
 .debug_macro   0x0000000000016e39      0x8d8 Core/Src/main.o
 .debug_macro   0x0000000000017711       0x28 Core/Src/main.o
 .debug_macro   0x0000000000017739      0x5a5 Core/Src/main.o
 .debug_macro   0x0000000000017cde       0x44 Core/Src/main.o
 .debug_macro   0x0000000000017d22      0x130 Core/Src/main.o
 .debug_macro   0x0000000000017e52       0x82 Core/Src/main.o
 .debug_macro   0x0000000000017ed4       0x52 Core/Src/main.o
 .debug_macro   0x0000000000017f26       0x18 Core/Src/main.o
 .debug_macro   0x0000000000017f3e       0x3c Core/Src/main.o
 .debug_macro   0x0000000000017f7a       0x34 Core/Src/main.o
 .debug_macro   0x0000000000017fae       0x16 Core/Src/main.o
 .debug_macro   0x0000000000017fc4       0x35 Core/Src/main.o
 .debug_macro   0x0000000000017ff9      0x333 Core/Src/main.o
 .debug_macro   0x000000000001832c       0x10 Core/Src/main.o
 .debug_macro   0x000000000001833c       0x16 Core/Src/main.o
 .debug_macro   0x0000000000018352       0x43 Core/Src/main.o
 .debug_macro   0x0000000000018395       0x34 Core/Src/main.o
 .debug_macro   0x00000000000183c9       0x10 Core/Src/main.o
 .debug_macro   0x00000000000183d9       0x58 Core/Src/main.o
 .debug_macro   0x0000000000018431       0x71 Core/Src/main.o
 .debug_macro   0x00000000000184a2       0x1c Core/Src/main.o
 .debug_macro   0x00000000000184be      0x12a Core/Src/main.o
 .debug_macro   0x00000000000185e8       0x10 Core/Src/main.o
 .debug_macro   0x00000000000185f8       0x1c Core/Src/main.o
 .debug_macro   0x0000000000018614       0x52 Core/Src/main.o
 .debug_macro   0x0000000000018666       0x22 Core/Src/main.o
 .debug_macro   0x0000000000018688       0x10 Core/Src/main.o
 .debug_macro   0x0000000000018698       0x40 Core/Src/main.o
 .debug_macro   0x00000000000186d8       0xd5 Core/Src/main.o
 .debug_macro   0x00000000000187ad       0x1c Core/Src/main.o
 .debug_macro   0x00000000000187c9       0x3d Core/Src/main.o
 .debug_macro   0x0000000000018806       0x16 Core/Src/main.o
 .debug_macro   0x000000000001881c      0x145 Core/Src/main.o
 .debug_macro   0x0000000000018961       0x16 Core/Src/main.o
 .debug_macro   0x0000000000018977       0x16 Core/Src/main.o
 .debug_macro   0x000000000001898d       0x29 Core/Src/main.o
 .debug_macro   0x00000000000189b6       0x16 Core/Src/main.o
 .debug_macro   0x00000000000189cc       0x20 Core/Src/main.o
 .debug_macro   0x00000000000189ec       0x5f Core/Src/main.o
 .debug_macro   0x0000000000018a4b      0x1c8 Core/Src/main.o
 .debug_macro   0x0000000000018c13      0x1f5 Core/Src/stm32f0xx_hal_msp.o
 .debug_macro   0x0000000000018e08      0x1ff Core/Src/stm32f0xx_it.o
 .debug_macro   0x0000000000019007      0x1e6 Core/Src/system_stm32f0xx.o
 .debug_macro   0x00000000000191ed      0x20a Drivers/STM32F0xx_HAL_Driver/Src/stm32f0xx_hal.o
 .debug_macro   0x00000000000193f7      0x1e6 Drivers/STM32F0xx_HAL_Driver/Src/stm32f0xx_hal_cortex.o
 .debug_macro   0x00000000000195dd      0x1e6 Drivers/STM32F0xx_HAL_Driver/Src/stm32f0xx_hal_dma.o
 .debug_macro   0x00000000000197c3      0x21e Drivers/STM32F0xx_HAL_Driver/Src/stm32f0xx_hal_gpio.o
 .debug_macro   0x00000000000199e1      0x1f2 Drivers/STM32F0xx_HAL_Driver/Src/stm32f0xx_hal_pcd.o
 .debug_macro   0x0000000000019bd3      0x1e6 Drivers/STM32F0xx_HAL_Driver/Src/stm32f0xx_hal_pcd_ex.o
 .debug_macro   0x0000000000019db9      0x1f8 Drivers/STM32F0xx_HAL_Driver/Src/stm32f0xx_hal_rcc.o
 .debug_macro   0x0000000000019fb1      0x1f8 Drivers/STM32F0xx_HAL_Driver/Src/stm32f0xx_hal_rcc_ex.o
 .debug_macro   0x000000000001a1a9      0x1e7 Drivers/STM32F0xx_HAL_Driver/Src/stm32f0xx_hal_tim.o
 .debug_macro   0x000000000001a390      0x1e6 Drivers/STM32F0xx_HAL_Driver/Src/stm32f0xx_hal_tim_ex.o
 .debug_macro   0x000000000001a576      0x203 Drivers/STM32F0xx_HAL_Driver/Src/stm32f0xx_hal_uart.o
 .debug_macro   0x000000000001a779      0x1e6 Drivers/STM32F0xx_HAL_Driver/Src/stm32f0xx_hal_uart_ex.o
 .debug_macro   0x000000000001a95f      0x1e6 Drivers/STM32F0xx_HAL_Driver/Src/stm32f0xx_ll_usb.o
 .debug_macro   0x000000000001ab45      0x3f2 Middlewares/ST/STM32_USB_Device_Library/Core/Src/usbd_core.o
 .debug_macro   0x000000000001af37      0x1ce Middlewares/ST/STM32_USB_Device_Library/Core/Src/usbd_core.o
 .debug_macro   0x000000000001b105      0x3fc Middlewares/ST/STM32_USB_Device_Library/Core/Src/usbd_ctlreq.o
 .debug_macro   0x000000000001b501      0x3f8 Middlewares/ST/STM32_USB_Device_Library/Core/Src/usbd_ioreq.o
 .debug_macro   0x000000000001b8f9      0x40f USB_DEVICE/Target/usbd_conf.o

.debug_line     0x0000000000000000    0x14a37
 .debug_line    0x0000000000000000      0xc8e Core/Src/main.o
 .debug_line    0x0000000000000c8e      0x804 Core/Src/stm32f0xx_hal_msp.o
 .debug_line    0x0000000000001492      0x82c Core/Src/stm32f0xx_it.o
 .debug_line    0x0000000000001cbe      0x7dd Core/Src/system_stm32f0xx.o
 .debug_line    0x000000000000249b       0x89 Core/Startup/startup_stm32f072rbtx.o
 .debug_line    0x0000000000002524      0x9d0 Drivers/STM32F0xx_HAL_Driver/Src/stm32f0xx_hal.o
 .debug_line    0x0000000000002ef4      0xa7c Drivers/STM32F0xx_HAL_Driver/Src/stm32f0xx_hal_cortex.o
 .debug_line    0x0000000000003970      0xcec Drivers/STM32F0xx_HAL_Driver/Src/stm32f0xx_hal_dma.o
 .debug_line    0x000000000000465c      0xb6c Drivers/STM32F0xx_HAL_Driver/Src/stm32f0xx_hal_gpio.o
 .debug_line    0x00000000000051c8     0x12bb Drivers/STM32F0xx_HAL_Driver/Src/stm32f0xx_hal_pcd.o
 .debug_line    0x0000000000006483      0x8ca Drivers/STM32F0xx_HAL_Driver/Src/stm32f0xx_hal_pcd_ex.o
 .debug_line    0x0000000000006d4d      0xe5f Drivers/STM32F0xx_HAL_Driver/Src/stm32f0xx_hal_rcc.o
 .debug_line    0x0000000000007bac      0xc70 Drivers/STM32F0xx_HAL_Driver/Src/stm32f0xx_hal_rcc_ex.o
 .debug_line    0x000000000000881c     0x368b Drivers/STM32F0xx_HAL_Driver/Src/stm32f0xx_hal_tim.o
 .debug_line    0x000000000000bea7     0x1abe Drivers/STM32F0xx_HAL_Driver/Src/stm32f0xx_hal_tim_ex.o
 .debug_line    0x000000000000d965     0x1d65 Drivers/STM32F0xx_HAL_Driver/Src/stm32f0xx_hal_uart.o
 .debug_line    0x000000000000f6ca      0xb28 Drivers/STM32F0xx_HAL_Driver/Src/stm32f0xx_hal_uart_ex.o
 .debug_line    0x00000000000101f2      0xf8d Drivers/STM32F0xx_HAL_Driver/Src/stm32f0xx_ll_usb.o
 .debug_line    0x000000000001117f      0xe6e Middlewares/ST/STM32_USB_Device_Library/Core/Src/usbd_core.o
 .debug_line    0x0000000000011fed     0x108a Middlewares/ST/STM32_USB_Device_Library/Core/Src/usbd_ctlreq.o
 .debug_line    0x0000000000013077      0xb04 Middlewares/ST/STM32_USB_Device_Library/Core/Src/usbd_ioreq.o
 .debug_line    0x0000000000013b7b      0xebc USB_DEVICE/Target/usbd_conf.o

.debug_str      0x0000000000000000    0x9d058
 .debug_str     0x0000000000000000    0x98cc4 Core/Src/main.o
                                      0x9918e (size before relaxing)
 .debug_str     0x0000000000098cc4       0x8c Core/Src/stm32f0xx_hal_msp.o
                                      0x942c5 (size before relaxing)
 .debug_str     0x0000000000098d50      0x3eb Core/Src/stm32f0xx_it.o
                                      0x943b1 (size before relaxing)
 .debug_str     0x000000000009913b       0x5f Core/Src/system_stm32f0xx.o
                                      0x9374a (size before relaxing)
 .debug_str     0x000000000009919a       0x36 Core/Startup/startup_stm32f072rbtx.o
                                         0x5b (size before relaxing)
 .debug_str     0x00000000000991d0      0x309 Drivers/STM32F0xx_HAL_Driver/Src/stm32f0xx_hal.o
                                      0x93cb4 (size before relaxing)
 .debug_str     0x00000000000994d9      0x1d2 Drivers/STM32F0xx_HAL_Driver/Src/stm32f0xx_hal_cortex.o
                                      0x93b6c (size before relaxing)
 .debug_str     0x00000000000996ab      0x248 Drivers/STM32F0xx_HAL_Driver/Src/stm32f0xx_hal_dma.o
                                      0x93b22 (size before relaxing)
 .debug_str     0x00000000000998f3      0x20e Drivers/STM32F0xx_HAL_Driver/Src/stm32f0xx_hal_gpio.o
                                      0x939e6 (size before relaxing)
 .debug_str     0x0000000000099b01      0x3d8 Drivers/STM32F0xx_HAL_Driver/Src/stm32f0xx_hal_pcd.o
                                      0x93e9b (size before relaxing)
 .debug_str     0x0000000000099ed9      0x1c6 Drivers/STM32F0xx_HAL_Driver/Src/stm32f0xx_hal_pcd_ex.o
                                      0x93c73 (size before relaxing)
 .debug_str     0x000000000009a09f      0x240 Drivers/STM32F0xx_HAL_Driver/Src/stm32f0xx_hal_rcc.o
                                      0x93b5f (size before relaxing)
 .debug_str     0x000000000009a2df      0x2db Drivers/STM32F0xx_HAL_Driver/Src/stm32f0xx_hal_rcc_ex.o
                                      0x93b3c (size before relaxing)
 .debug_str     0x000000000009a5ba      0xe08 Drivers/STM32F0xx_HAL_Driver/Src/stm32f0xx_hal_tim.o
                                      0x94afe (size before relaxing)
 .debug_str     0x000000000009b3c2      0x517 Drivers/STM32F0xx_HAL_Driver/Src/stm32f0xx_hal_tim_ex.o
                                      0x942d8 (size before relaxing)
 .debug_str     0x000000000009b8d9      0x84b Drivers/STM32F0xx_HAL_Driver/Src/stm32f0xx_hal_uart.o
                                      0x943ec (size before relaxing)
 .debug_str     0x000000000009c124      0x19e Drivers/STM32F0xx_HAL_Driver/Src/stm32f0xx_hal_uart_ex.o
                                      0x93cec (size before relaxing)
 .debug_str     0x000000000009c2c2      0x1ea Drivers/STM32F0xx_HAL_Driver/Src/stm32f0xx_ll_usb.o
                                      0x93b5a (size before relaxing)
 .debug_str     0x000000000009c4ac      0x565 Middlewares/ST/STM32_USB_Device_Library/Core/Src/usbd_core.o
                                      0x98a48 (size before relaxing)
 .debug_str     0x000000000009ca11      0x134 Middlewares/ST/STM32_USB_Device_Library/Core/Src/usbd_ctlreq.o
                                      0x989ce (size before relaxing)
 .debug_str     0x000000000009cb45       0xc9 Middlewares/ST/STM32_USB_Device_Library/Core/Src/usbd_ioreq.o
                                      0x98956 (size before relaxing)
 .debug_str     0x000000000009cc0e      0x44a USB_DEVICE/Target/usbd_conf.o
                                      0x9949a (size before relaxing)

.comment        0x0000000000000000       0x53
 .comment       0x0000000000000000       0x53 Core/Src/main.o
                                         0x54 (size before relaxing)
 .comment       0x0000000000000053       0x54 Core/Src/stm32f0xx_hal_msp.o
 .comment       0x0000000000000053       0x54 Core/Src/stm32f0xx_it.o
 .comment       0x0000000000000053       0x54 Core/Src/system_stm32f0xx.o
 .comment       0x0000000000000053       0x54 Drivers/STM32F0xx_HAL_Driver/Src/stm32f0xx_hal.o
 .comment       0x0000000000000053       0x54 Drivers/STM32F0xx_HAL_Driver/Src/stm32f0xx_hal_cortex.o
 .comment       0x0000000000000053       0x54 Drivers/STM32F0xx_HAL_Driver/Src/stm32f0xx_hal_dma.o
 .comment       0x0000000000000053       0x54 Drivers/STM32F0xx_HAL_Driver/Src/stm32f0xx_hal_gpio.o
 .comment       0x0000000000000053       0x54 Drivers/STM32F0xx_HAL_Driver/Src/stm32f0xx_hal_pcd.o
 .comment       0x0000000000000053       0x54 Drivers/STM32F0xx_HAL_Driver/Src/stm32f0xx_hal_pcd_ex.o
 .comment       0x0000000000000053       0x54 Drivers/STM32F0xx_HAL_Driver/Src/stm32f0xx_hal_rcc.o
 .comment       0x0000000000000053       0x54 Drivers/STM32F0xx_HAL_Driver/Src/stm32f0xx_hal_rcc_ex.o
 .comment       0x0000000000000053       0x54 Drivers/STM32F0xx_HAL_Driver/Src/stm32f0xx_hal_tim.o
 .comment       0x0000000000000053       0x54 Drivers/STM32F0xx_HAL_Driver/Src/stm32f0xx_hal_tim_ex.o
 .comment       0x0000000000000053       0x54 Drivers/STM32F0xx_HAL_Driver/Src/stm32f0xx_hal_uart.o
 .comment       0x0000000000000053       0x54 Drivers/STM32F0xx_HAL_Driver/Src/stm32f0xx_hal_uart_ex.o
 .comment       0x0000000000000053       0x54 Drivers/STM32F0xx_HAL_Driver/Src/stm32f0xx_ll_usb.o
 .comment       0x0000000000000053       0x54 Middlewares/ST/STM32_USB_Device_Library/Core/Src/usbd_core.o
 .comment       0x0000000000000053       0x54 Middlewares/ST/STM32_USB_Device_Library/Core/Src/usbd_ctlreq.o
 .comment       0x0000000000000053       0x54 Middlewares/ST/STM32_USB_Device_Library/Core/Src/usbd_ioreq.o
 .comment       0x0000000000000053       0x54 USB_DEVICE/Target/usbd_conf.o

.debug_frame    0x0000000000000000     0x3f0c
 .debug_frame   0x0000000000000000      0x1ac Core/Src/main.o
 .debug_frame   0x00000000000001ac       0xb0 Core/Src/stm32f0xx_hal_msp.o
 .debug_frame   0x000000000000025c      0x128 Core/Src/stm32f0xx_it.o
 .debug_frame   0x0000000000000384       0x4c Core/Src/system_stm32f0xx.o
 .debug_frame   0x00000000000003d0      0x2a4 Drivers/STM32F0xx_HAL_Driver/Src/stm32f0xx_hal.o
 .debug_frame   0x0000000000000674      0x2a0 Drivers/STM32F0xx_HAL_Driver/Src/stm32f0xx_hal_cortex.o
 .debug_frame   0x0000000000000914      0x1d0 Drivers/STM32F0xx_HAL_Driver/Src/stm32f0xx_hal_dma.o
 .debug_frame   0x0000000000000ae4      0x110 Drivers/STM32F0xx_HAL_Driver/Src/stm32f0xx_hal_gpio.o
 .debug_frame   0x0000000000000bf4      0x478 Drivers/STM32F0xx_HAL_Driver/Src/stm32f0xx_hal_pcd.o
 .debug_frame   0x000000000000106c      0x110 Drivers/STM32F0xx_HAL_Driver/Src/stm32f0xx_hal_pcd_ex.o
 .debug_frame   0x000000000000117c      0x198 Drivers/STM32F0xx_HAL_Driver/Src/stm32f0xx_hal_rcc.o
 .debug_frame   0x0000000000001314      0x180 Drivers/STM32F0xx_HAL_Driver/Src/stm32f0xx_hal_rcc_ex.o
 .debug_frame   0x0000000000001494      0xef8 Drivers/STM32F0xx_HAL_Driver/Src/stm32f0xx_hal_tim.o
 .debug_frame   0x000000000000238c      0x558 Drivers/STM32F0xx_HAL_Driver/Src/stm32f0xx_hal_tim_ex.o
 .debug_frame   0x00000000000028e4      0x850 Drivers/STM32F0xx_HAL_Driver/Src/stm32f0xx_hal_uart.o
 .debug_frame   0x0000000000003134      0x158 Drivers/STM32F0xx_HAL_Driver/Src/stm32f0xx_hal_uart_ex.o
 .debug_frame   0x000000000000328c      0x284 Drivers/STM32F0xx_HAL_Driver/Src/stm32f0xx_ll_usb.o
 .debug_frame   0x0000000000003510      0x290 Middlewares/ST/STM32_USB_Device_Library/Core/Src/usbd_core.o
 .debug_frame   0x00000000000037a0      0x1d8 Middlewares/ST/STM32_USB_Device_Library/Core/Src/usbd_ctlreq.o
 .debug_frame   0x0000000000003978       0xf0 Middlewares/ST/STM32_USB_Device_Library/Core/Src/usbd_ioreq.o
 .debug_frame   0x0000000000003a68      0x438 USB_DEVICE/Target/usbd_conf.o
 .debug_frame   0x0000000000003ea0       0x2c f:/stm32ide_cube/stm32cubeide_1.6.1/stm32cubeide/plugins/com.st.stm32cube.ide.mcu.externaltools.gnu-tools-for-stm32.9-2020-q2-update.win32_1.5.0.202011040924/tools/bin/../lib/gcc/arm-none-eabi/9.3.1/../../../../arm-none-eabi/lib/thumb/v6-m/nofp\libc_nano.a(lib_a-init.o)
 .debug_frame   0x0000000000003ecc       0x20 f:/stm32ide_cube/stm32cubeide_1.6.1/stm32cubeide/plugins/com.st.stm32cube.ide.mcu.externaltools.gnu-tools-for-stm32.9-2020-q2-update.win32_1.5.0.202011040924/tools/bin/../lib/gcc/arm-none-eabi/9.3.1/../../../../arm-none-eabi/lib/thumb/v6-m/nofp\libc_nano.a(lib_a-memset.o)
 .debug_frame   0x0000000000003eec       0x20 f:/stm32ide_cube/stm32cubeide_1.6.1/stm32cubeide/plugins/com.st.stm32cube.ide.mcu.externaltools.gnu-tools-for-stm32.9-2020-q2-update.win32_1.5.0.202011040924/tools/bin/../lib/gcc/arm-none-eabi/9.3.1/thumb/v6-m/nofp\libgcc.a(_udivsi3.o)
